Archive member included to satisfy reference by file (symbol)

/opt/devkitpro/wut/lib/libwut.a(coreinit.o)
                              main.o (OSGetSystemInfo)
/opt/devkitpro/wut/lib/libwut.a(nsysnet.o)
                              main.o (htons)
/opt/devkitpro/wut/lib/libwut.a(vpad.o)
                              main.o (VPADRead)
/opt/devkitpro/wut/lib/libwut.a(crt0_rpx.o)
                              (__rpx_start)
/opt/devkitpro/wut/lib/libwut.a(wut_crt.o)
                              /opt/devkitpro/wut/lib/libwut.a(crt0_rpx.o) (__init_wut)
/opt/devkitpro/wut/lib/libwut.a(wut_preinit.o)
                              /opt/devkitpro/wut/lib/libwut.a(crt0_rpx.o) (__preinit_user)
/opt/devkitpro/wut/lib/libwut.a(wut_malloc_lock.o)
                              /opt/devkitpro/wut/lib/libwut.a(wut_preinit.o) (__init_wut_malloc_lock)
/opt/devkitpro/wut/lib/libwut.a(wut_newlib.o)
                              /opt/devkitpro/wut/lib/libwut.a(wut_crt.o) (__init_wut_newlib)
/opt/devkitpro/wut/lib/libwut.a(wut_reent.o)
                              /opt/devkitpro/wut/lib/libwut.a(wut_newlib.o) (__wut_getreent)
/opt/devkitpro/wut/lib/libwut.a(wut_sbrk.o)
                              /opt/devkitpro/wut/lib/libwut.a(wut_newlib.o) (__wut_sbrk_r)
/opt/devkitpro/wut/lib/libwut.a(wut_thread_specific.o)
                              /opt/devkitpro/wut/lib/libwut.a(wut_reent.o) (wut_set_thread_specific)
/opt/devkitpro/wut/lib/libwut.a(connect.o)
                              main.o (connect)
/opt/devkitpro/wut/lib/libwut.a(inet_addr.o)
                              main.o (inet_addr)
/opt/devkitpro/wut/lib/libwut.a(recv.o)
                              main.o (recv)
/opt/devkitpro/wut/lib/libwut.a(send.o)
                              main.o (send)
/opt/devkitpro/wut/lib/libwut.a(shutdown.o)
                              main.o (shutdown)
/opt/devkitpro/wut/lib/libwut.a(socket.o)
                              main.o (socket)
/opt/devkitpro/wut/lib/libwut.a(wut_socket_common.o)
                              /opt/devkitpro/wut/lib/libwut.a(connect.o) (__wut_get_nsysnet_fd)
/opt/devkitpro/wut/lib/libwut.a(wut_socket_open.o)
                              /opt/devkitpro/wut/lib/libwut.a(wut_socket_common.o) (__wut_socket_open)
/opt/devkitpro/wut/lib/libwut.a(wut_socket_read.o)
                              /opt/devkitpro/wut/lib/libwut.a(wut_socket_common.o) (__wut_socket_read)
/opt/devkitpro/wut/lib/libwut.a(wut_socket_write.o)
                              /opt/devkitpro/wut/lib/libwut.a(wut_socket_common.o) (__wut_socket_write)
/opt/devkitpro/wut/lib/libwut.a(wut_defaultheap.o)
                              /opt/devkitpro/wut/lib/libwut.a(wut_preinit.o) (__init_wut_defaultheap)
/opt/devkitpro/wut/lib/libwut.a(console.o)
                              main.o (WHBLogConsoleInit)
/opt/devkitpro/wut/lib/libwut.a(log.o)
                              /opt/devkitpro/wut/lib/libwut.a(console.o) (WHBAddLogHandler)
/opt/devkitpro/wut/lib/libwut.a(proc.o)
                              main.o (WHBProcInit)
/opt/devkitpro/wut/lib/libwut.a(wut_gthread.o)
                              /opt/devkitpro/wut/lib/libwut.a(wut_crt.o) (__init_wut_stdcpp)
/opt/devkitpro/wut/lib/libwut.a(wut_gthread_keys.o)
                              /opt/devkitpro/wut/lib/libwut.a(wut_gthread.o) (_Z16__wut_key_createP11__wut_key_tPFvPvE)
/opt/devkitpro/wut/lib/libwut.a(wut_gthread_mutex.o)
                              /opt/devkitpro/wut/lib/libwut.a(wut_gthread.o) (_Z25__wut_mutex_init_functionP7OSMutex)
/opt/devkitpro/wut/lib/libwut.a(wut_gthread_once.o)
                              /opt/devkitpro/wut/lib/libwut.a(wut_gthread.o) (_Z10__wut_oncePVjPFvvE)
/opt/devkitpro/wut/lib/libwut.a(wut_gthread_recursive_mutex.o)
                              /opt/devkitpro/wut/lib/libwut.a(wut_gthread.o) (_Z35__wut_recursive_mutex_init_functionP7OSMutex)
/opt/devkitpro/wut/lib/libwut.a(wut_gthread_thread.o)
                              /opt/devkitpro/wut/lib/libwut.a(wut_gthread.o) (_Z19__wut_thread_createPP8OSThreadPFPvS2_ES2_)
/opt/devkitpro/wut/lib/libwut.a(devoptab_fsa.o)
                              /opt/devkitpro/wut/lib/libwut.a(wut_crt.o) (__init_wut_devoptab)
/opt/devkitpro/wut/lib/libwut.a(devoptab_fsa_dirclose.o)
                              /opt/devkitpro/wut/lib/libwut.a(devoptab_fsa.o) (__wut_fsa_dirclose)
/opt/devkitpro/wut/lib/libwut.a(devoptab_fsa_dirnext.o)
                              /opt/devkitpro/wut/lib/libwut.a(devoptab_fsa.o) (__wut_fsa_dirnext)
/opt/devkitpro/wut/lib/libwut.a(devoptab_fsa_diropen.o)
                              /opt/devkitpro/wut/lib/libwut.a(devoptab_fsa.o) (__wut_fsa_diropen)
/opt/devkitpro/wut/lib/libwut.a(devoptab_fsa_dirreset.o)
                              /opt/devkitpro/wut/lib/libwut.a(devoptab_fsa.o) (__wut_fsa_dirreset)
/opt/devkitpro/wut/lib/libwut.a(devoptab_fsa_fstat.o)
                              /opt/devkitpro/wut/lib/libwut.a(devoptab_fsa.o) (__wut_fsa_fstat)
[...]
Memory Configuration

Name             Origin             Length             Attributes
codemem          0x02000000         0x0e000000         xrw
datamem          0x10000000         0x32000000         rw
loadmem          0xc0000000         0x08000000         xrw
*default*        0x00000000         0xffffffff

Linker script and memory map

                0x02000000                        . = ORIGIN (codemem)

.syscall
 *(.syscall .syscall.*)

.text           0x02000000    0x10b50
 *(.crt0)
 .crt0          0x02000000       0x60 /opt/devkitpro/wut/lib/libwut.a(crt0_rpx.o)
                                 0x50 (size before relaxing)
                0x02000000                __rpx_start
 *(SORT_NONE(.init))
 .init          0x02000060        0xc /opt/devkitpro/devkitPPC/bin/../lib/gcc/powerpc-eabi/15.1.0/ecrti.o
                0x02000060                __init
 .init          0x0200006c        0x4 /opt/devkitpro/devkitPPC/bin/../lib/gcc/powerpc-eabi/15.1.0/crtbegin.o
 .init          0x02000070        0x4 /opt/devkitpro/devkitPPC/bin/../lib/gcc/powerpc-eabi/15.1.0/crtend.o
 .init          0x02000074       0x10 /opt/devkitpro/devkitPPC/bin/../lib/gcc/powerpc-eabi/15.1.0/ecrtn.o
 *(.text.unlikely .text.*_unlikely .text.unlikely.*)
 .text.unlikely.abort
                0x02000084       0x2c /opt/devkitpro/devkitPPC/bin/../lib/gcc/powerpc-eabi/15.1.0/../../../../powerpc-eabi/lib/libsysbase.a(libsysbase_libsysbase_a-abort.o)
                0x02000084                abort
 *(.text.exit .text.exit.*)
 .text.exit     0x020000b0       0x3c /opt/devkitpro/devkitPPC/bin/../lib/gcc/powerpc-eabi/15.1.0/../../../../powerpc-eabi/lib/libc.a(libc_a-exit.o)
                0x020000b0                exit
 *(.text.startup .text.startup.*)
 .text.startup.main
                0x020000ec      0x578 main.o
                                0x538 (size before relaxing)
                0x020000ec                main
 .text.startup.register_fini
                0x02000664        0xc /opt/devkitpro/devkitPPC/bin/../lib/gcc/powerpc-eabi/15.1.0/../../../../powerpc-eabi/lib/libc.a(libc_a-__call_atexit.o)
 *(.text.hot .text.hot.*)
 *(SORT_BY_NAME(.text.sorted.*))
 *(.text .stub .text.* .gnu.linkonce.t.*)
 .text.__do_global_dtors_aux
                0x02000670       0xcc /opt/devkitpro/devkitPPC/bin/../lib/gcc/powerpc-eabi/15.1.0/crtbegin.o
 .text.frame_dummy
                0x0200073c       0x24 /opt/devkitpro/devkitPPC/bin/../lib/gcc/powerpc-eabi/15.1.0/crtbegin.o
 .text.add_chat_line
                0x02000760       0xd0 main.o
                0x02000760                add_chat_line
 .text.send_chat_line.part.0
                0x02000830      0x1cc main.o
                                0x1bc (size before relaxing)
 .text.render_keyboard
                0x020009fc      0x308 main.o
                0x020009fc                render_keyboard
 .text.__init_wut
                0x02000d04       0x48 /opt/devkitpro/wut/lib/libwut.a(wut_crt.o)
                0x02000d04                __init_wut
 .text.__fini_wut
                0x02000d4c       0x38 /opt/devkitpro/wut/lib/libwut.a(wut_crt.o)
                0x02000d4c                __fini_wut
 .text.__preinit_user
                0x02000d84       0x28 /opt/devkitpro/wut/lib/libwut.a(wut_preinit.o)
                0x02000d84                __preinit_user
 .text.__wut_malloc_lock
                0x02000dac       0x1c /opt/devkitpro/wut/lib/libwut.a(wut_malloc_lock.o)
                                  0xc (size before relaxing)
                0x02000dac                __wut_malloc_lock
 .text.__wut_malloc_unlock
                0x02000dc8       0x1c /opt/devkitpro/wut/lib/libwut.a(wut_malloc_lock.o)
                                  0xc (size before relaxing)
                0x02000dc8                __wut_malloc_unlock
 .text.__init_wut_malloc_lock
                0x02000de4       0x1c /opt/devkitpro/wut/lib/libwut.a(wut_malloc_lock.o)
                                  0xc (size before relaxing)
                0x02000de4                __init_wut_malloc_lock
 .text.__wut__abort
                0x02000e00       0x54 /opt/devkitpro/wut/lib/libwut.a(wut_newlib.o)
                                 0x34 (size before relaxing)
                0x02000e00                __wut__abort
 .text.__wut__assert_func
                0x02000e54      0x178 /opt/devkitpro/wut/lib/libwut.a(wut_newlib.o)
                                0x148 (size before relaxing)
                0x02000e54                __wut__assert_func
 .text._sbrk_r  0x02000fcc        0x4 /opt/devkitpro/wut/lib/libwut.a(wut_newlib.o)
                0x02000fcc                _sbrk_r
 .text.__syscall_lock_init
                0x02000fd0        0x8 /opt/devkitpro/wut/lib/libwut.a(wut_newlib.o)
                0x02000fd0                __syscall_lock_init
 .text.__syscall_lock_acquire
                0x02000fd8        0x4 /opt/devkitpro/wut/lib/libwut.a(wut_newlib.o)
                0x02000fd8                __syscall_lock_acquire
 .text.__syscall_lock_release
                0x02000fdc        0x4 /opt/devkitpro/wut/lib/libwut.a(wut_newlib.o)
                0x02000fdc                __syscall_lock_release
 .text.__syscall_lock_init_recursive
                0x02000fe0        0x8 /opt/devkitpro/wut/lib/libwut.a(wut_newlib.o)
                0x02000fe0                __syscall_lock_init_recursive
 .text.__syscall_malloc_lock
                0x02000fe8        0x4 /opt/devkitpro/wut/lib/libwut.a(wut_newlib.o)
                0x02000fe8                __syscall_malloc_lock
 .text.__syscall_malloc_unlock
                0x02000fec        0x4 /opt/devkitpro/wut/lib/libwut.a(wut_newlib.o)
                0x02000fec                __syscall_malloc_unlock
 .text.__syscall_getreent
                0x02000ff0        0x4 /opt/devkitpro/wut/lib/libwut.a(wut_newlib.o)
                0x02000ff0                __syscall_getreent
 .text.__syscall_exit
                0x02000ff4       0x3c /opt/devkitpro/wut/lib/libwut.a(wut_newlib.o)
                0x02000ff4                __syscall_exit
 .text.__syscall_abort
                0x02001030       0x10 /opt/devkitpro/wut/lib/libwut.a(wut_newlib.o)
                0x02001030                __syscall_abort
 .text.__syscall_assert_func
                0x02001040       0x10 /opt/devkitpro/wut/lib/libwut.a(wut_newlib.o)
                0x02001040                __syscall_assert_func
 .text.__init_wut_newlib
                0x02001050       0x14 /opt/devkitpro/wut/lib/libwut.a(wut_newlib.o)
                0x02001050                __init_wut_newlib
 .text.__fini_wut_newlib
                0x02001064        0x4 /opt/devkitpro/wut/lib/libwut.a(wut_newlib.o)
                0x02001064                __fini_wut_newlib
 .text.__wut_thread_cleanup
                0x02001068       0xac /opt/devkitpro/wut/lib/libwut.a(wut_reent.o)
 .text.__wut_getreent
                0x02001114      0x12c /opt/devkitpro/wut/lib/libwut.a(wut_reent.o)
                                0x10c (size before relaxing)
                0x02001114                __wut_getreent
 .text.__wut_sbrk_r
                0x02001240       0xd4 /opt/devkitpro/wut/lib/libwut.a(wut_sbrk.o)
                                 0xc4 (size before relaxing)
                0x02001240                __wut_sbrk_r
 .text.__init_wut_sbrk_heap
                0x02001314       0x90 /opt/devkitpro/wut/lib/libwut.a(wut_sbrk.o)
                                 0x70 (size before relaxing)
                0x02001314                __init_wut_sbrk_heap
 .text.__fini_wut_sbrk_heap
                0x020013a4       0x88 /opt/devkitpro/wut/lib/libwut.a(wut_sbrk.o)
                                 0x78 (size before relaxing)
                0x020013a4                __fini_wut_sbrk_heap
 .text.wut_set_thread_specific
                0x0200142c       0x18 /opt/devkitpro/wut/lib/libwut.a(wut_thread_specific.o)
                                  0x8 (size before relaxing)
                0x0200142c                wut_set_thread_specific
 .text.wut_get_thread_specific
                0x02001444       0x18 /opt/devkitpro/wut/lib/libwut.a(wut_thread_specific.o)
                                  0x8 (size before relaxing)
                0x02001444                wut_get_thread_specific
 .text.connect  0x0200145c       0x7c /opt/devkitpro/wut/lib/libwut.a(connect.o)
                                 0x6c (size before relaxing)
                0x0200145c                connect
 .text.inet_addr
                0x020014d8       0x40 /opt/devkitpro/wut/lib/libwut.a(inet_addr.o)
                                 0x30 (size before relaxing)
                0x020014d8                inet_addr
 .text.recv     0x02001518       0x90 /opt/devkitpro/wut/lib/libwut.a(recv.o)
                                 0x80 (size before relaxing)
                0x02001518                recv
 .text.send     0x020015a8       0x90 /opt/devkitpro/wut/lib/libwut.a(send.o)
                                 0x80 (size before relaxing)
                0x020015a8                send
 .text.shutdown
                0x02001638       0x68 /opt/devkitpro/wut/lib/libwut.a(shutdown.o)
                                 0x58 (size before relaxing)
                0x02001638                shutdown
 .text.socket   0x020016a0       0xe0 /opt/devkitpro/wut/lib/libwut.a(socket.o)
                                 0xd0 (size before relaxing)
                0x020016a0                socket
 .text.__init_wut_socket
                0x02001780       0x78 /opt/devkitpro/wut/lib/libwut.a(wut_socket_common.o)
                                 0x38 (size before relaxing)
                0x02001780                __init_wut_socket
 .text.__fini_wut_socket
                0x020017f8       0x60 /opt/devkitpro/wut/lib/libwut.a(wut_socket_common.o)
                                 0x30 (size before relaxing)
                0x020017f8                __fini_wut_socket
 .text.__wut_get_nsysnet_fd
                0x02001858       0x8c /opt/devkitpro/wut/lib/libwut.a(wut_socket_common.o)
                0x02001858                __wut_get_nsysnet_fd
 .text.__wut_get_nsysnet_result
                0x020018e4       0x90 /opt/devkitpro/wut/lib/libwut.a(wut_socket_common.o)
                                 0x80 (size before relaxing)
                0x020018e4                __wut_get_nsysnet_result
 .text.__wut_socket_open
                0x02001974       0x10 /opt/devkitpro/wut/lib/libwut.a(wut_socket_open.o)
                0x02001974                __wut_socket_open
 .text.__wut_socket_read
                0x02001984       0x58 /opt/devkitpro/wut/lib/libwut.a(wut_socket_read.o)
                                 0x48 (size before relaxing)
                0x02001984                __wut_socket_read
 .text.__wut_socket_write
                0x020019dc       0x58 /opt/devkitpro/wut/lib/libwut.a(wut_socket_write.o)
                                 0x48 (size before relaxing)
                0x020019dc                __wut_socket_write
 .text.__wut_alloc_from_defaultheap
                0x02001a34        0x4 /opt/devkitpro/wut/lib/libwut.a(wut_defaultheap.o)
                0x02001a34                __wut_alloc_from_defaultheap
 .text.__wut_alloc_from_defaultheap_ex
                0x02001a38       0x10 /opt/devkitpro/wut/lib/libwut.a(wut_defaultheap.o)
                0x02001a38                __wut_alloc_from_defaultheap_ex
 .text.__wut_free_to_defaultheap
                0x02001a48        0x4 /opt/devkitpro/wut/lib/libwut.a(wut_defaultheap.o)
                0x02001a48                __wut_free_to_defaultheap
 .text.__init_wut_defaultheap
                0x02001a4c       0x34 /opt/devkitpro/wut/lib/libwut.a(wut_defaultheap.o)
                0x02001a4c                __init_wut_defaultheap
 .text.ConsoleAddLine
                0x02001a80      0x160 /opt/devkitpro/wut/lib/libwut.a(console.o)
 .text.ConsoleProcCallbackReleased
                0x02001be0       0x60 /opt/devkitpro/wut/lib/libwut.a(console.o)
                                 0x40 (size before relaxing)
 .text.ConsoleProcCallbackAcquired
                0x02001c40      0x114 /opt/devkitpro/wut/lib/libwut.a(console.o)
                                 0xd4 (size before relaxing)
 .text.WHBLogConsoleInit
                0x02001d54       0xe8 /opt/devkitpro/wut/lib/libwut.a(console.o)
                                 0xa8 (size before relaxing)
                0x02001d54                WHBLogConsoleInit
 .text.WHBLogConsoleFree
                0x02001e3c       0x80 /opt/devkitpro/wut/lib/libwut.a(console.o)
                                 0x50 (size before relaxing)
                0x02001e3c                WHBLogConsoleFree
 .text.WHBLogConsoleSetColor
                0x02001ebc        0xc /opt/devkitpro/wut/lib/libwut.a(console.o)
                0x02001ebc                WHBLogConsoleSetColor
 .text.WHBLogConsoleDraw
                0x02001ec8      0x11c /opt/devkitpro/wut/lib/libwut.a(console.o)
                                 0xdc (size before relaxing)
                0x02001ec8                WHBLogConsoleDraw
 .text.WHBAddLogHandler
                0x02001fe4       0x6c /opt/devkitpro/wut/lib/libwut.a(log.o)
                0x02001fe4                WHBAddLogHandler
 .text.WHBLogPrintf
                0x02002050      0x1c0 /opt/devkitpro/wut/lib/libwut.a(log.o)
                0x02002050                WHBLogPrintf
 .text.procHomeButtonDenied
                0x02002210       0x24 /opt/devkitpro/wut/lib/libwut.a(proc.o)
 .text.procSaveCallback
                0x02002234       0x34 /opt/devkitpro/wut/lib/libwut.a(proc.o)
                                 0x24 (size before relaxing)
 .text.WHBProcInit
                0x02002268      0x150 /opt/devkitpro/wut/lib/libwut.a(proc.o)
                                0x100 (size before relaxing)
                0x02002268                WHBProcInit
 .text.WHBProcShutdown
                0x020023b8       0x38 /opt/devkitpro/wut/lib/libwut.a(proc.o)
                                 0x28 (size before relaxing)
                0x020023b8                WHBProcShutdown
 .text.WHBProcIsRunning
                0x020023f0       0xf8 /opt/devkitpro/wut/lib/libwut.a(proc.o)
                                 0xa8 (size before relaxing)
                0x020023f0                WHBProcIsRunning
 .text.__init_wut_stdcpp
                0x020024e8        0x4 /opt/devkitpro/wut/lib/libwut.a(wut_gthread.o)
                0x020024e8                __init_wut_stdcpp
 .text.__fini_wut_stdcpp
                0x020024ec        0x4 /opt/devkitpro/wut/lib/libwut.a(wut_gthread.o)
                0x020024ec                __fini_wut_stdcpp
 .text.__init_wut_devoptab
                0x020024f0      0x20c /opt/devkitpro/wut/lib/libwut.a(devoptab_fsa.o)
                                0x1bc (size before relaxing)
                0x020024f0                __init_wut_devoptab
 .text.__fini_wut_devoptab
                0x020026fc       0xac /opt/devkitpro/wut/lib/libwut.a(devoptab_fsa.o)
                                 0x8c (size before relaxing)
                0x020026fc                __fini_wut_devoptab
 .text.__wut_fsa_dirclose
                0x020027a8       0xd0 /opt/devkitpro/wut/lib/libwut.a(devoptab_fsa_dirclose.o)
                                 0xa0 (size before relaxing)
                0x020027a8                __wut_fsa_dirclose
 .text.__wut_fsa_dirnext
                0x02002878      0x1dc /opt/devkitpro/wut/lib/libwut.a(devoptab_fsa_dirnext.o)
                                0x1ac (size before relaxing)
                0x02002878                __wut_fsa_dirnext
 .text.__wut_fsa_diropen
                0x02002a54      0x1bc /opt/devkitpro/wut/lib/libwut.a(devoptab_fsa_diropen.o)
                                0x17c (size before relaxing)
                0x02002a54                __wut_fsa_diropen
 .text.__wut_fsa_dirreset
                0x02002c10       0xd0 /opt/devkitpro/wut/lib/libwut.a(devoptab_fsa_dirreset.o)
                                 0xa0 (size before relaxing)
                0x02002c10                __wut_fsa_dirreset
 .text.__wut_fsa_fstat
                0x02002ce0      0x104 /opt/devkitpro/wut/lib/libwut.a(devoptab_fsa_fstat.o)
                                 0xd4 (size before relaxing)
                0x02002ce0                __wut_fsa_fstat
 .text.__wut_fsa_fsync
                0x02002de4       0xcc /opt/devkitpro/wut/lib/libwut.a(devoptab_fsa_fsync.o)
                                 0x9c (size before relaxing)
                0x02002de4                __wut_fsa_fsync
 .text.__wut_fsa_mkdir
                0x02002eb0       0xf0 /opt/devkitpro/wut/lib/libwut.a(devoptab_fsa_mkdir.o)
                                 0xe0 (size before relaxing)
                0x02002eb0                __wut_fsa_mkdir
 .text.__wut_fsa_open
                0x02002fa0      0x53c /opt/devkitpro/wut/lib/libwut.a(devoptab_fsa_open.o)
                                0x4cc (size before relaxing)
                0x02002fa0                __wut_fsa_open
 .text.__wut_fsa_read
                0x020034dc      0x1ec /opt/devkitpro/wut/lib/libwut.a(devoptab_fsa_read.o)
                                0x1bc (size before relaxing)
                0x020034dc                __wut_fsa_read
 .text.__wut_fsa_rename
                0x020036c8      0x124 /opt/devkitpro/wut/lib/libwut.a(devoptab_fsa_rename.o)
                                0x114 (size before relaxing)
                0x020036c8                __wut_fsa_rename
 .text.__wut_fsa_rmdir
                0x020037ec       0xd4 /opt/devkitpro/wut/lib/libwut.a(devoptab_fsa_rmdir.o)
                                 0xc4 (size before relaxing)
                0x020037ec                __wut_fsa_rmdir
 .text.__wut_fsa_seek
                0x020038c0      0x1c8 /opt/devkitpro/wut/lib/libwut.a(devoptab_fsa_seek.o)
                                0x188 (size before relaxing)
                0x020038c0                __wut_fsa_seek
 .text.__wut_fsa_stat
                0x02003a88      0x128 /opt/devkitpro/wut/lib/libwut.a(devoptab_fsa_stat.o)
                                0x118 (size before relaxing)
                0x02003a88                __wut_fsa_stat
 .text.__wut_fsa_statvfs
                0x02003bb0      0x178 /opt/devkitpro/wut/lib/libwut.a(devoptab_fsa_statvfs.o)
                                0x168 (size before relaxing)
                0x02003bb0                __wut_fsa_statvfs
 .text.__wut_fsa_ftruncate
                0x02003d28      0x108 /opt/devkitpro/wut/lib/libwut.a(devoptab_fsa_truncate.o)
                                 0xc8 (size before relaxing)
                0x02003d28                __wut_fsa_ftruncate
 .text.__wut_fsa_unlink
                0x02003e30       0xd4 /opt/devkitpro/wut/lib/libwut.a(devoptab_fsa_unlink.o)
                                 0xc4 (size before relaxing)
                0x02003e30                __wut_fsa_unlink
 .text.__wut_fsa_hashstring
                0x02003f04       0x40 /opt/devkitpro/wut/lib/libwut.a(devoptab_fsa_utils.o)
                0x02003f04                __wut_fsa_hashstring
 .text.__wut_fsa_fixpath
                0x02003f44      0x368 /opt/devkitpro/wut/lib/libwut.a(devoptab_fsa_utils.o)
                0x02003f44                __wut_fsa_fixpath
 .text.__wut_fsa_translate_stat_mode
                0x020042ac       0x7c /opt/devkitpro/wut/lib/libwut.a(devoptab_fsa_utils.o)
                0x020042ac                __wut_fsa_translate_stat_mode
 .text.__wut_fsa_translate_stat
                0x02004328      0x144 /opt/devkitpro/wut/lib/libwut.a(devoptab_fsa_utils.o)
                0x02004328                __wut_fsa_translate_stat
 .text.__wut_fsa_translate_error
                0x0200446c       0x28 /opt/devkitpro/wut/lib/libwut.a(devoptab_fsa_utils.o)
                0x0200446c                __wut_fsa_translate_error
 .text.__wut_fsa_write
                0x02004494      0x204 /opt/devkitpro/wut/lib/libwut.a(devoptab_fsa_write.o)
                                0x1d4 (size before relaxing)
                0x02004494                __wut_fsa_write
 .text.__wut_lock_init
                0x02004698       0xec /opt/devkitpro/wut/lib/libwut.a(wut_lock.o)
                                 0xcc (size before relaxing)
                0x02004698                __wut_lock_init
 .text.__wut_lock_acquire
                0x02004784       0x64 /opt/devkitpro/wut/lib/libwut.a(wut_lock.o)
                                 0x54 (size before relaxing)
                0x02004784                __wut_lock_acquire
 .text.__wut_lock_release
                0x020047e8       0x64 /opt/devkitpro/wut/lib/libwut.a(wut_lock.o)
                                 0x54 (size before relaxing)
                0x020047e8                __wut_lock_release
 .text.__wut_socket_close
                0x0200484c       0x4c /opt/devkitpro/wut/lib/libwut.a(wut_socket_close.o)
                                 0x3c (size before relaxing)
                0x0200484c                __wut_socket_close
 .text.__wut_fsa_chdir
                0x02004898      0x12c /opt/devkitpro/wut/lib/libwut.a(devoptab_fsa_chdir.o)
                                0x11c (size before relaxing)
                0x02004898                __wut_fsa_chdir
 .text.__wut_fsa_chmod
                0x020049c4       0xf0 /opt/devkitpro/wut/lib/libwut.a(devoptab_fsa_chmod.o)
                                 0xe0 (size before relaxing)
                0x020049c4                __wut_fsa_chmod
 .text.__wut_fsa_close
                0x02004ab4       0xcc /opt/devkitpro/wut/lib/libwut.a(devoptab_fsa_close.o)
                                 0x9c (size before relaxing)
                0x02004ab4                __wut_fsa_close
 .text.__divdi3
                0x02004b80      0x428 /opt/devkitpro/devkitPPC/bin/../lib/gcc/powerpc-eabi/15.1.0/libgcc.a(_divdi3.o)
                0x02004b80                __divdi3
 .text.__udivdi3
                0x02004fa8      0x3cc /opt/devkitpro/devkitPPC/bin/../lib/gcc/powerpc-eabi/15.1.0/libgcc.a(_udivdi3.o)
                0x02004fa8                __udivdi3
 .text          0x02005374       0x48 /opt/devkitpro/devkitPPC/bin/../lib/gcc/powerpc-eabi/15.1.0/libgcc.a(eabi.o)
                0x02005374                __eabi
 .text.chdir    0x020053bc      0x1b8 /opt/devkitpro/devkitPPC/bin/../lib/gcc/powerpc-eabi/15.1.0/../../../../powerpc-eabi/lib/libsysbase.a(libsysbase_libsysbase_a-chdir.o)
                0x020053bc                chdir
 .text._concatenate_path
                0x02005574      0x27c /opt/devkitpro/devkitPPC/bin/../lib/gcc/powerpc-eabi/15.1.0/../../../../powerpc-eabi/lib/libsysbase.a(libsysbase_libsysbase_a-concatenate.o)
                0x02005574                _concatenate_path
 .text.__getreent
                0x020057f0       0x20 /opt/devkitpro/devkitPPC/bin/../lib/gcc/powerpc-eabi/15.1.0/../../../../powerpc-eabi/lib/libsysbase.a(libsysbase_libsysbase_a-getreent.o)
                0x020057f0                __getreent
 .text.__release_handle
                0x02005810       0xe4 /opt/devkitpro/devkitPPC/bin/../lib/gcc/powerpc-eabi/15.1.0/../../../../powerpc-eabi/lib/libsysbase.a(libsysbase_libsysbase_a-handle_manager.o)
                0x02005810                __release_handle
 .text.__alloc_handle
                0x020058f4      0x124 /opt/devkitpro/devkitPPC/bin/../lib/gcc/powerpc-eabi/15.1.0/../../../../powerpc-eabi/lib/libsysbase.a(libsysbase_libsysbase_a-handle_manager.o)
                0x020058f4                __alloc_handle
 .text.__get_handle
                0x02005a18       0x90 /opt/devkitpro/devkitPPC/bin/../lib/gcc/powerpc-eabi/15.1.0/../../../../powerpc-eabi/lib/libsysbase.a(libsysbase_libsysbase_a-handle_manager.o)
                0x02005a18                __get_handle
 .text._close_r
                0x02005aa8      0x180 /opt/devkitpro/devkitPPC/bin/../lib/gcc/powerpc-eabi/15.1.0/../../../../powerpc-eabi/lib/libsysbase.a(libsysbase_libsysbase_a-handle_manager.o)
                0x02005aa8                _close_r
 .text.null_write
                0x02005c28        0x8 /opt/devkitpro/devkitPPC/bin/../lib/gcc/powerpc-eabi/15.1.0/../../../../powerpc-eabi/lib/libsysbase.a(libsysbase_libsysbase_a-iosupport.o)
 .text.setDefaultDevice
                0x02005c30       0x18 /opt/devkitpro/devkitPPC/bin/../lib/gcc/powerpc-eabi/15.1.0/../../../../powerpc-eabi/lib/libsysbase.a(libsysbase_libsysbase_a-iosupport.o)
                0x02005c30                setDefaultDevice
 .text.FindDevice
                0x02005c48      0x150 /opt/devkitpro/devkitPPC/bin/../lib/gcc/powerpc-eabi/15.1.0/../../../../powerpc-eabi/lib/libsysbase.a(libsysbase_libsysbase_a-iosupport.o)
                0x02005c48                FindDevice
 .text.RemoveDevice
                0x02005d98       0x44 /opt/devkitpro/devkitPPC/bin/../lib/gcc/powerpc-eabi/15.1.0/../../../../powerpc-eabi/lib/libsysbase.a(libsysbase_libsysbase_a-iosupport.o)
                0x02005d98                RemoveDevice
 .text.AddDevice
                0x02005ddc      0x120 /opt/devkitpro/devkitPPC/bin/../lib/gcc/powerpc-eabi/15.1.0/../../../../powerpc-eabi/lib/libsysbase.a(libsysbase_libsysbase_a-iosupport.o)
                0x02005ddc                AddDevice
 .text.__libc_lock_init
                0x02005efc       0x14 /opt/devkitpro/devkitPPC/bin/../lib/gcc/powerpc-eabi/15.1.0/../../../../powerpc-eabi/lib/libsysbase.a(libsysbase_libsysbase_a-syscall_support.o)
                0x02005efc                __libc_lock_init
 .text.__libc_lock_acquire
                0x02005f10       0x14 /opt/devkitpro/devkitPPC/bin/../lib/gcc/powerpc-eabi/15.1.0/../../../../powerpc-eabi/lib/libsysbase.a(libsysbase_libsysbase_a-syscall_support.o)
                0x02005f10                __libc_lock_acquire
 .text.__libc_lock_release
                0x02005f24       0x14 /opt/devkitpro/devkitPPC/bin/../lib/gcc/powerpc-eabi/15.1.0/../../../../powerpc-eabi/lib/libsysbase.a(libsysbase_libsysbase_a-syscall_support.o)
                0x02005f24                __libc_lock_release
 .text.__libc_lock_init_recursive
                0x02005f38       0x14 /opt/devkitpro/devkitPPC/bin/../lib/gcc/powerpc-eabi/15.1.0/../../../../powerpc-eabi/lib/libsysbase.a(libsysbase_libsysbase_a-syscall_support.o)
                0x02005f38                __libc_lock_init_recursive
 .text.__malloc_lock
                0x02005f4c       0x14 /opt/devkitpro/devkitPPC/bin/../lib/gcc/powerpc-eabi/15.1.0/../../../../powerpc-eabi/lib/libsysbase.a(libsysbase_libsysbase_a-syscall_support.o)
                0x02005f4c                __malloc_lock
 .text.__malloc_unlock
                0x02005f60       0x14 /opt/devkitpro/devkitPPC/bin/../lib/gcc/powerpc-eabi/15.1.0/../../../../powerpc-eabi/lib/libsysbase.a(libsysbase_libsysbase_a-syscall_support.o)
                0x02005f60                __malloc_unlock
 .text._exit    0x02005f74       0x28 /opt/devkitpro/devkitPPC/bin/../lib/gcc/powerpc-eabi/15.1.0/../../../../powerpc-eabi/lib/libsysbase.a(libsysbase_libsysbase_a-_exit.o)
                0x02005f74                _exit
 .text.strncpy  0x02005f9c      0x104 /opt/devkitpro/devkitPPC/bin/../lib/gcc/powerpc-eabi/15.1.0/../../../../powerpc-eabi/lib/libc.a(libc_a-strncpy.o)
                0x02005f9c                strncpy
 .text.strcmp   0x020060a0       0x9c /opt/devkitpro/devkitPPC/bin/../lib/gcc/powerpc-eabi/15.1.0/../../../../powerpc-eabi/lib/libc.a(libc_a-strcmp.o)
                0x020060a0                strcmp
 .text.memset   0x0200613c      0x180 /opt/devkitpro/devkitPPC/bin/../lib/gcc/powerpc-eabi/15.1.0/../../../../powerpc-eabi/lib/libc.a(libc_a-memset.o)
                0x0200613c                memset
 .text._vsnprintf_r
                0x020062bc       0xd8 /opt/devkitpro/devkitPPC/bin/../lib/gcc/powerpc-eabi/15.1.0/../../../../powerpc-eabi/lib/libc.a(libc_a-vsnprintf.o)
                0x020062bc                _vsnprintf_r
 .text.vsnprintf
                0x02006394       0x60 /opt/devkitpro/devkitPPC/bin/../lib/gcc/powerpc-eabi/15.1.0/../../../../powerpc-eabi/lib/libc.a(libc_a-vsnprintf.o)
                0x02006394                vsnprintf
 .text.strdup   0x020063f4       0x30 /opt/devkitpro/devkitPPC/bin/../lib/gcc/powerpc-eabi/15.1.0/../../../../powerpc-eabi/lib/libc.a(libc_a-strdup.o)
                0x020063f4                strdup
 .text.strchr   0x02006424      0x154 /opt/devkitpro/devkitPPC/bin/../lib/gcc/powerpc-eabi/15.1.0/../../../../powerpc-eabi/lib/libc.a(libc_a-strchr.o)
                0x02006424                strchr
 .text.get_arg  0x02006578      0x7bc /opt/devkitpro/devkitPPC/bin/../lib/gcc/powerpc-eabi/15.1.0/../../../../powerpc-eabi/lib/libc.a(libc_a-svfprintf.o)
 .text._svfprintf_r
                0x02006d34     0x39f8 /opt/devkitpro/devkitPPC/bin/../lib/gcc/powerpc-eabi/15.1.0/../../../../powerpc-eabi/lib/libc.a(libc_a-svfprintf.o)
                0x02006d34                _svfprintf_r
 .text.memcpy   0x0200a72c      0x148 /opt/devkitpro/devkitPPC/bin/../lib/gcc/powerpc-eabi/15.1.0/../../../../powerpc-eabi/lib/libc.a(libc_a-memcpy.o)
                0x0200a72c                memcpy
 .text.strncmp  0x0200a874       0xc8 /opt/devkitpro/devkitPPC/bin/../lib/gcc/powerpc-eabi/15.1.0/../../../../powerpc-eabi/lib/libc.a(libc_a-strncmp.o)
                0x0200a874                strncmp
 .text._wcrtomb_r
                0x0200a93c      0x104 /opt/devkitpro/devkitPPC/bin/../lib/gcc/powerpc-eabi/15.1.0/../../../../powerpc-eabi/lib/libc.a(libc_a-wcrtomb.o)
                0x0200a93c                _wcrtomb_r
 .text._reclaim_reent
                0x0200aa40      0x10c /opt/devkitpro/devkitPPC/bin/../lib/gcc/powerpc-eabi/15.1.0/../../../../powerpc-eabi/lib/libc.a(libc_a-reent.o)
                0x0200aa40                _reclaim_reent
 .text._calloc_r
                0x0200ab4c       0xf8 /opt/devkitpro/devkitPPC/bin/../lib/gcc/powerpc-eabi/15.1.0/../../../../powerpc-eabi/lib/libc.a(libc_a-callocr.o)
                0x0200ab4c                _calloc_r
 .text.strlen   0x0200ac44       0x80 /opt/devkitpro/devkitPPC/bin/../lib/gcc/powerpc-eabi/15.1.0/../../../../powerpc-eabi/lib/libc.a(libc_a-strlen.o)
                0x0200ac44                strlen
 .text._strdup_r
                0x0200acc4       0x70 /opt/devkitpro/devkitPPC/bin/../lib/gcc/powerpc-eabi/15.1.0/../../../../powerpc-eabi/lib/libc.a(libc_a-strdup_r.o)
                0x0200acc4                _strdup_r
 .text._malloc_r
                0x0200ad34      0x90c /opt/devkitpro/devkitPPC/bin/../lib/gcc/powerpc-eabi/15.1.0/../../../../powerpc-eabi/lib/libc.a(libc_a-mallocr.o)
                0x0200ad34                _malloc_r
 .text.quorem   0x0200b640      0x340 /opt/devkitpro/devkitPPC/bin/../lib/gcc/powerpc-eabi/15.1.0/../../../../powerpc-eabi/lib/libc.a(libc_a-dtoa.o)
 .text._dtoa_r  0x0200b980     0x1704 /opt/devkitpro/devkitPPC/bin/../lib/gcc/powerpc-eabi/15.1.0/../../../../powerpc-eabi/lib/libc.a(libc_a-dtoa.o)
                0x0200b980                _dtoa_r
 .text._malloc_trim_r
                0x0200d084      0x138 /opt/devkitpro/devkitPPC/bin/../lib/gcc/powerpc-eabi/15.1.0/../../../../powerpc-eabi/lib/libc.a(libc_a-freer.o)
                0x0200d084                _malloc_trim_r
 .text._free_r  0x0200d1bc      0x32c /opt/devkitpro/devkitPPC/bin/../lib/gcc/powerpc-eabi/15.1.0/../../../../powerpc-eabi/lib/libc.a(libc_a-freer.o)
                0x0200d1bc                _free_r
 .text.close    0x0200d4e8       0x30 /opt/devkitpro/devkitPPC/bin/../lib/gcc/powerpc-eabi/15.1.0/../../../../powerpc-eabi/lib/libc.a(libc_a-sysclose.o)
                0x0200d4e8                close
 .text.strrchr  0x0200d518       0x78 /opt/devkitpro/devkitPPC/bin/../lib/gcc/powerpc-eabi/15.1.0/../../../../powerpc-eabi/lib/libc.a(libc_a-strrchr.o)
                0x0200d518                strrchr
 .text.strcpy   0x0200d590       0x8c /opt/devkitpro/devkitPPC/bin/../lib/gcc/powerpc-eabi/15.1.0/../../../../powerpc-eabi/lib/libc.a(libc_a-strcpy.o)
                0x0200d590                strcpy
 .text.__errno  0x0200d61c       0x20 /opt/devkitpro/devkitPPC/bin/../lib/gcc/powerpc-eabi/15.1.0/../../../../powerpc-eabi/lib/libc.a(libc_a-errno.o)
                0x0200d61c                __errno
 .text.malloc   0x0200d63c       0x58 /opt/devkitpro/devkitPPC/bin/../lib/gcc/powerpc-eabi/15.1.0/../../../../powerpc-eabi/lib/libc.a(libc_a-malloc.o)
                0x0200d63c                malloc
 .text.free     0x0200d694       0x30 /opt/devkitpro/devkitPPC/bin/../lib/gcc/powerpc-eabi/15.1.0/../../../../powerpc-eabi/lib/libc.a(libc_a-malloc.o)
                0x0200d694                free
 .text.snprintf
                0x0200d6c4      0x130 /opt/devkitpro/devkitPPC/bin/../lib/gcc/powerpc-eabi/15.1.0/../../../../powerpc-eabi/lib/libc.a(libc_a-snprintf.o)
                0x0200d6c4                snprintf
 .text.memchr   0x0200d7f4      0x148 /opt/devkitpro/devkitPPC/bin/../lib/gcc/powerpc-eabi/15.1.0/../../../../powerpc-eabi/lib/libc.a(libc_a-memchr.o)
                0x0200d7f4                memchr
 .text.__ssprint_r
                0x0200d93c      0x10c /opt/devkitpro/devkitPPC/bin/../lib/gcc/powerpc-eabi/15.1.0/../../../../powerpc-eabi/lib/libc.a(libc_a-ssprint_r.o)
                0x0200d93c                __ssprint_r
 .text.strnlen  0x0200da48       0xc0 /opt/devkitpro/devkitPPC/bin/../lib/gcc/powerpc-eabi/15.1.0/../../../../powerpc-eabi/lib/libc.a(libc_a-strnlen.o)
                0x0200da48                strnlen
 .text.memalign
                0x0200db08       0x40 /opt/devkitpro/devkitPPC/bin/../lib/gcc/powerpc-eabi/15.1.0/../../../../powerpc-eabi/lib/libc.a(libc_a-malign.o)
                0x0200db08                memalign
 .text.frexp    0x0200db48       0x90 /opt/devkitpro/devkitPPC/bin/../lib/gcc/powerpc-eabi/15.1.0/../../../../powerpc-eabi/lib/libc.a(libm_a-s_frexp.o)
                0x0200db48                frexp
 .text._Balloc  0x0200dbd8       0xf4 /opt/devkitpro/devkitPPC/bin/../lib/gcc/powerpc-eabi/15.1.0/../../../../powerpc-eabi/lib/libc.a(libc_a-mprec.o)
                0x0200dbd8                _Balloc
 .text._Bfree   0x0200dccc       0x24 /opt/devkitpro/devkitPPC/bin/../lib/gcc/powerpc-eabi/15.1.0/../../../../powerpc-eabi/lib/libc.a(libc_a-mprec.o)
                0x0200dccc                _Bfree
 .text.__multadd
                0x0200dcf0      0x174 /opt/devkitpro/devkitPPC/bin/../lib/gcc/powerpc-eabi/15.1.0/../../../../powerpc-eabi/lib/libc.a(libc_a-mprec.o)
                0x0200dcf0                __multadd
 .text.__hi0bits
                0x0200de64       0x98 /opt/devkitpro/devkitPPC/bin/../lib/gcc/powerpc-eabi/15.1.0/../../../../powerpc-eabi/lib/libc.a(libc_a-mprec.o)
                0x0200de64                __hi0bits
 .text.__lo0bits
                0x0200defc      0x10c /opt/devkitpro/devkitPPC/bin/../lib/gcc/powerpc-eabi/15.1.0/../../../../powerpc-eabi/lib/libc.a(libc_a-mprec.o)
                0x0200defc                __lo0bits
 .text.__i2b    0x0200e008      0x108 /opt/devkitpro/devkitPPC/bin/../lib/gcc/powerpc-eabi/15.1.0/../../../../powerpc-eabi/lib/libc.a(libc_a-mprec.o)
                0x0200e008                __i2b
 .text.__multiply
                0x0200e110      0x338 /opt/devkitpro/devkitPPC/bin/../lib/gcc/powerpc-eabi/15.1.0/../../../../powerpc-eabi/lib/libc.a(libc_a-mprec.o)
                0x0200e110                __multiply
 .text.__pow5mult
                0x0200e448      0x19c /opt/devkitpro/devkitPPC/bin/../lib/gcc/powerpc-eabi/15.1.0/../../../../powerpc-eabi/lib/libc.a(libc_a-mprec.o)
                0x0200e448                __pow5mult
 .text.__lshift
                0x0200e5e4      0x26c /opt/devkitpro/devkitPPC/bin/../lib/gcc/powerpc-eabi/15.1.0/../../../../powerpc-eabi/lib/libc.a(libc_a-mprec.o)
                0x0200e5e4                __lshift
 .text.__mcmp   0x0200e850       0xdc /opt/devkitpro/devkitPPC/bin/../lib/gcc/powerpc-eabi/15.1.0/../../../../powerpc-eabi/lib/libc.a(libc_a-mprec.o)
                0x0200e850                __mcmp
 .text.__mdiff  0x0200e92c      0x314 /opt/devkitpro/devkitPPC/bin/../lib/gcc/powerpc-eabi/15.1.0/../../../../powerpc-eabi/lib/libc.a(libc_a-mprec.o)
                0x0200e92c                __mdiff
 .text.__d2b    0x0200ec40      0x194 /opt/devkitpro/devkitPPC/bin/../lib/gcc/powerpc-eabi/15.1.0/../../../../powerpc-eabi/lib/libc.a(libc_a-mprec.o)
                0x0200ec40                __d2b
 .text._localeconv_r
                0x0200edd4       0x4c /opt/devkitpro/devkitPPC/bin/../lib/gcc/powerpc-eabi/15.1.0/../../../../powerpc-eabi/lib/libc.a(libc_a-localeconv.o)
                0x0200edd4                _localeconv_r
 .text.__locale_mb_cur_max
                0x0200ee20       0x4c /opt/devkitpro/devkitPPC/bin/../lib/gcc/powerpc-eabi/15.1.0/../../../../powerpc-eabi/lib/libc.a(libc_a-locale.o)
                0x0200ee20                __locale_mb_cur_max
 .text._wcsrtombs_r
                0x0200ee6c       0x10 /opt/devkitpro/devkitPPC/bin/../lib/gcc/powerpc-eabi/15.1.0/../../../../powerpc-eabi/lib/libc.a(libc_a-wcsrtombs.o)
                0x0200ee6c                _wcsrtombs_r
 .text.__utf8_mbtowc
                0x0200ee7c      0x604 /opt/devkitpro/devkitPPC/bin/../lib/gcc/powerpc-eabi/15.1.0/../../../../powerpc-eabi/lib/libc.a(libc_a-mbtowc_r.o)
                0x0200ee7c                __utf8_mbtowc
 .text.__ssputs_r
                0x0200f480      0x194 /opt/devkitpro/devkitPPC/bin/../lib/gcc/powerpc-eabi/15.1.0/../../../../powerpc-eabi/lib/libc.a(libc_a-ssputs_r.o)
                0x0200f480                __ssputs_r
 .text._memalign_r
                0x0200f614      0x1dc /opt/devkitpro/devkitPPC/bin/../lib/gcc/powerpc-eabi/15.1.0/../../../../powerpc-eabi/lib/libc.a(libc_a-malignr.o)
                0x0200f614                _memalign_r
 .text._wcsnrtombs_l
                0x0200f7f0      0x1e4 /opt/devkitpro/devkitPPC/bin/../lib/gcc/powerpc-eabi/15.1.0/../../../../powerpc-eabi/lib/libc.a(libc_a-wcsnrtombs.o)
                0x0200f7f0                _wcsnrtombs_l
 .text._wcsnrtombs_r
                0x0200f9d4       0xd8 /opt/devkitpro/devkitPPC/bin/../lib/gcc/powerpc-eabi/15.1.0/../../../../powerpc-eabi/lib/libc.a(libc_a-wcsnrtombs.o)
                0x0200f9d4                _wcsnrtombs_r
 .text.__utf8_wctomb
                0x0200faac      0x108 /opt/devkitpro/devkitPPC/bin/../lib/gcc/powerpc-eabi/15.1.0/../../../../powerpc-eabi/lib/libc.a(libc_a-wctomb_r.o)
                0x0200faac                __utf8_wctomb
 .text.__call_exitprocs
                0x0200fbb4      0x200 /opt/devkitpro/devkitPPC/bin/../lib/gcc/powerpc-eabi/15.1.0/../../../../powerpc-eabi/lib/libc.a(libc_a-__call_atexit.o)
                0x0200fbb4                __call_exitprocs
 .text._realloc_r
                0x0200fdb4      0x634 /opt/devkitpro/devkitPPC/bin/../lib/gcc/powerpc-eabi/15.1.0/../../../../powerpc-eabi/lib/libc.a(libc_a-reallocr.o)
                0x0200fdb4                _realloc_r
 .text.atexit   0x020103e8       0x14 /opt/devkitpro/devkitPPC/bin/../lib/gcc/powerpc-eabi/15.1.0/../../../../powerpc-eabi/lib/libc.a(libc_a-atexit.o)
                0x020103e8                atexit
 .text.memmove  0x020103fc      0x1b8 /opt/devkitpro/devkitPPC/bin/../lib/gcc/powerpc-eabi/15.1.0/../../../../powerpc-eabi/lib/libc.a(libc_a-memmove.o)
                0x020103fc                memmove
 .text.__register_exitproc
                0x020105b4      0x12c /opt/devkitpro/devkitPPC/bin/../lib/gcc/powerpc-eabi/15.1.0/../../../../powerpc-eabi/lib/libc.a(libc_a-__atexit.o)
                0x020105b4                __register_exitproc
 .text.__assert_func
                0x020106e0       0x24 /opt/devkitpro/devkitPPC/bin/../lib/gcc/powerpc-eabi/15.1.0/../../../../powerpc-eabi/lib/libsysbase.a(libsysbase_libsysbase_a-assert.o)
                0x020106e0                __assert_func
 .text.__umoddi3
                0x02010704      0x384 /opt/devkitpro/devkitPPC/bin/../lib/gcc/powerpc-eabi/15.1.0/libgcc.a(_umoddi3.o)
                0x02010704                __umoddi3
 .text          0x02010a88       0x58 /opt/devkitpro/devkitPPC/bin/../lib/gcc/powerpc-eabi/15.1.0/libgcc.a(crtresxgpr.o)
                0x02010a88                _restgpr_14_x
                0x02010a8c                _restgpr_15_x
                0x02010a90                _restgpr_16_x
                0x02010a94                _restgpr_17_x
                0x02010a98                _restgpr_18_x
                0x02010a9c                _restgpr_19_x
                0x02010aa0                _restgpr_20_x
                0x02010aa4                _restgpr_21_x
                0x02010aa8                _restgpr_22_x
                0x02010aac                _restgpr_23_x
                0x02010ab0                _restgpr_24_x
                0x02010ab4                _restgpr_25_x
                0x02010ab8                _restgpr_26_x
                0x02010abc                _restgpr_27_x
                0x02010ac0                _restgpr_28_x
                0x02010ac4                _restgpr_29_x
                0x02010ac8                _restgpr_30_x
                0x02010acc                _restgpr_31_x
 .text.__do_global_ctors_aux
                0x02010ae0       0x50 /opt/devkitpro/devkitPPC/bin/../lib/gcc/powerpc-eabi/15.1.0/crtend.o
 *(.gnu.warning)
 *(.glink)
 .glink         0x02010b30        0x0 /opt/devkitpro/devkitPPC/bin/../lib/gcc/powerpc-eabi/15.1.0/crtbegin.o
 *(SORT_NONE(.fini))
 .fini          0x02010b30        0xc /opt/devkitpro/devkitPPC/bin/../lib/gcc/powerpc-eabi/15.1.0/ecrti.o
                0x02010b30                __fini
 .fini          0x02010b3c        0x4 /opt/devkitpro/devkitPPC/bin/../lib/gcc/powerpc-eabi/15.1.0/crtbegin.o
 .fini          0x02010b40       0x10 /opt/devkitpro/devkitPPC/bin/../lib/gcc/powerpc-eabi/15.1.0/ecrtn.o
                0x10000000                        . = ORIGIN (datamem)

.rodata         0x10000000      0xc30
 *(.sdata2 .sdata2.* .gnu.linkonce.s2.*)
 .sdata2        0x10000000        0x0 /opt/devkitpro/devkitPPC/bin/../lib/gcc/powerpc-eabi/15.1.0/ecrti.o
                0x10000000                __SDATA2_START__
 .sdata2        0x10000000        0x0 /opt/devkitpro/devkitPPC/bin/../lib/gcc/powerpc-eabi/15.1.0/crtbegin.o
                0x10008000                _SDA2_BASE_
 *(.sbss2 .sbss2.* .gnu.linkonce.sb2.*)
 .sbss2         0x10000000        0x0 /opt/devkitpro/devkitPPC/bin/../lib/gcc/powerpc-eabi/15.1.0/ecrtn.o
                0x10000000                __SBSS2_END__
 *(.rodata .rodata.* .gnu.linkonce.r.*)
 .rodata.str1.4
                0x10000000      0x3bc main.o
                                0x217 (size before relaxing)
 .rodata        0x100003bc       0x28 main.o
 .rodata.__wut__abort.str1.4
                0x100003e4        0xf /opt/devkitpro/wut/lib/libwut.a(wut_newlib.o)
 .rodata.__wut__assert_func.str1.4
                0x100003e4       0x43 /opt/devkitpro/wut/lib/libwut.a(wut_newlib.o)
 .rodata.socket.str1.4
                0x100003e4        0x5 /opt/devkitpro/wut/lib/libwut.a(socket.o)
 .rodata.__wut_socket_fini_devoptab.str1.4
                0x100003e4        0x5 /opt/devkitpro/wut/lib/libwut.a(wut_socket_common.o)
 .rodata.__wut_get_nsysnet_fd.str1.4
                0x100003e4        0x4 /opt/devkitpro/wut/lib/libwut.a(wut_socket_common.o)
 .rodata.__wut_nsysnet_error_code_map
                0x100003e4       0x34 /opt/devkitpro/wut/lib/libwut.a(wut_socket_common.o)
 .rodata.WHBLogPrint.str1.4
                0x10000418        0x4 /opt/devkitpro/wut/lib/libwut.a(log.o)
 .rodata.__init_wut_devoptab.str1.4
                0x10000418       0x33 /opt/devkitpro/wut/lib/libwut.a(devoptab_fsa.o)
 .rodata.str1.4
                0x10000418        0x3 /opt/devkitpro/wut/lib/libwut.a(devoptab_fsa.o)
 .rodata._ZL18__wut_fsa_devoptab
                0x10000418       0x80 /opt/devkitpro/wut/lib/libwut.a(devoptab_fsa.o)
 .rodata.__wut_fsa_dirnext.str1.4
                0x10000498        0xb /opt/devkitpro/wut/lib/libwut.a(devoptab_fsa_dirnext.o)
 .rodata.__wut_fsa_diropen.str1.4
                0x10000498        0x3 /opt/devkitpro/wut/lib/libwut.a(devoptab_fsa_diropen.o)
 .rodata.__wut_fsa_open.str1.4
                0x10000498       0x1b /opt/devkitpro/wut/lib/libwut.a(devoptab_fsa_open.o)
 .rodata.__wut_fsa_fixpath.str1.4
                0x10000498        0xb /opt/devkitpro/wut/lib/libwut.a(devoptab_fsa_utils.o)
 .rodata.CSWTCH.24
                0x10000498       0x42 /opt/devkitpro/wut/lib/libwut.a(devoptab_fsa_utils.o)
 .rodata.__wut_fsa_chdir.str1.4
                0x100004da        0x3 /opt/devkitpro/wut/lib/libwut.a(devoptab_fsa_chdir.o)
 .rodata.AddDevice.str1.4
                0x100004da        0x8 /opt/devkitpro/devkitPPC/bin/../lib/gcc/powerpc-eabi/15.1.0/../../../../powerpc-eabi/lib/libsysbase.a(libsysbase_libsysbase_a-iosupport.o)
 *fill*         0x100004da        0x2 
 .rodata.dotab_stdnull
                0x100004dc       0x80 /opt/devkitpro/devkitPPC/bin/../lib/gcc/powerpc-eabi/15.1.0/../../../../powerpc-eabi/lib/libsysbase.a(libsysbase_libsysbase_a-iosupport.o)
                0x100004dc                dotab_stdnull
 .rodata.get_arg
                0x1000055c       0xb0 /opt/devkitpro/devkitPPC/bin/../lib/gcc/powerpc-eabi/15.1.0/../../../../powerpc-eabi/lib/libc.a(libc_a-svfprintf.o)
 .rodata._svfprintf_r.str1.1
                0x1000060c       0x3b /opt/devkitpro/devkitPPC/bin/../lib/gcc/powerpc-eabi/15.1.0/../../../../powerpc-eabi/lib/libc.a(libc_a-svfprintf.o)
 *fill*         0x10000647        0x1 
 .rodata._svfprintf_r
                0x10000648      0x16c /opt/devkitpro/devkitPPC/bin/../lib/gcc/powerpc-eabi/15.1.0/../../../../powerpc-eabi/lib/libc.a(libc_a-svfprintf.o)
 .rodata.zeroes.0
                0x100007b4       0x10 /opt/devkitpro/devkitPPC/bin/../lib/gcc/powerpc-eabi/15.1.0/../../../../powerpc-eabi/lib/libc.a(libc_a-svfprintf.o)
 .rodata.blanks.1
                0x100007c4       0x10 /opt/devkitpro/devkitPPC/bin/../lib/gcc/powerpc-eabi/15.1.0/../../../../powerpc-eabi/lib/libc.a(libc_a-svfprintf.o)
 .rodata.cst4   0x100007d4       0x30 /opt/devkitpro/devkitPPC/bin/../lib/gcc/powerpc-eabi/15.1.0/../../../../powerpc-eabi/lib/libc.a(libc_a-svfprintf.o)
                                 0x14 (size before relaxing)
 *fill*         0x10000804        0x4 
 .rodata.cst8   0x10000808       0x20 /opt/devkitpro/devkitPPC/bin/../lib/gcc/powerpc-eabi/15.1.0/../../../../powerpc-eabi/lib/libc.a(libc_a-svfprintf.o)
                                  0x8 (size before relaxing)
 .rodata._dtoa_r.str1.4
                0x10000828       0x64 /opt/devkitpro/devkitPPC/bin/../lib/gcc/powerpc-eabi/15.1.0/../../../../powerpc-eabi/lib/libc.a(libc_a-dtoa.o)
 .rodata.cst4   0x10000828       0x24 /opt/devkitpro/devkitPPC/bin/../lib/gcc/powerpc-eabi/15.1.0/../../../../powerpc-eabi/lib/libc.a(libc_a-dtoa.o)
 .rodata.cst8   0x10000828       0x18 /opt/devkitpro/devkitPPC/bin/../lib/gcc/powerpc-eabi/15.1.0/../../../../powerpc-eabi/lib/libc.a(libc_a-dtoa.o)
 .rodata.__action_table
                0x10000828       0x6c /opt/devkitpro/devkitPPC/bin/../lib/gcc/powerpc-eabi/15.1.0/../../../../powerpc-eabi/lib/libc.a(libc_a-svfiprintf.o)
                0x10000828                __action_table
 .rodata.__state_table
                0x10000894       0x6c /opt/devkitpro/devkitPPC/bin/../lib/gcc/powerpc-eabi/15.1.0/../../../../powerpc-eabi/lib/libc.a(libc_a-svfiprintf.o)
                0x10000894                __state_table
 .rodata.__chclass
                0x10000900      0x100 /opt/devkitpro/devkitPPC/bin/../lib/gcc/powerpc-eabi/15.1.0/../../../../powerpc-eabi/lib/libc.a(libc_a-svfiprintf.o)
                0x10000900                __chclass
 .rodata._ctype_
                0x10000a00      0x101 /opt/devkitpro/devkitPPC/bin/../lib/gcc/powerpc-eabi/15.1.0/../../../../powerpc-eabi/lib/libc.a(libc_a-ctype_.o)
                0x10000a00                _ctype_
 .rodata.cst4   0x10000b01        0x4 /opt/devkitpro/devkitPPC/bin/../lib/gcc/powerpc-eabi/15.1.0/../../../../powerpc-eabi/lib/libc.a(libm_a-s_frexp.o)
 .rodata.__multadd.str1.4
                0x10000b01       0x51 /opt/devkitpro/devkitPPC/bin/../lib/gcc/powerpc-eabi/15.1.0/../../../../powerpc-eabi/lib/libc.a(libc_a-mprec.o)
 *fill*         0x10000b01        0x3 
 .rodata.p05.0  0x10000b04        0xc /opt/devkitpro/devkitPPC/bin/../lib/gcc/powerpc-eabi/15.1.0/../../../../powerpc-eabi/lib/libc.a(libc_a-mprec.o)
 .rodata.__mprec_bigtens
                0x10000b10       0x28 /opt/devkitpro/devkitPPC/bin/../lib/gcc/powerpc-eabi/15.1.0/../../../../powerpc-eabi/lib/libc.a(libc_a-mprec.o)
                0x10000b10                __mprec_bigtens
 .rodata.__mprec_tens
                0x10000b38       0xc8 /opt/devkitpro/devkitPPC/bin/../lib/gcc/powerpc-eabi/15.1.0/../../../../powerpc-eabi/lib/libc.a(libc_a-mprec.o)
                0x10000b38                __mprec_tens
 .rodata.str1.4
                0x10000c00       0x4c /opt/devkitpro/devkitPPC/bin/../lib/gcc/powerpc-eabi/15.1.0/../../../../powerpc-eabi/lib/libc.a(libc_a-locale.o)
 *(.rodata1)
 *(.gcc_except_table .gcc_except_table.*)
 *(.gnu_extab*)
                0x10000c4c                        . = ALIGN (0x4)
                [!provide]                        PROVIDE (__preinit_array_start = .)
 *(.preinit_array)
                [!provide]                        PROVIDE (__preinit_array_end = .)
                [!provide]                        PROVIDE (__init_array_start = .)
 *crtbegin.o(.ctors)
 .ctors         0x10000c00        0x4 /opt/devkitpro/devkitPPC/bin/../lib/gcc/powerpc-eabi/15.1.0/crtbegin.o
 *crtbegin?.o(.ctors)
 *(SORT_BY_INIT_PRIORITY(.init_array.*) SORT_BY_INIT_PRIORITY(.ctors.*))
 .ctors.65535   0x10000c04        0x4 /opt/devkitpro/devkitPPC/bin/../lib/gcc/powerpc-eabi/15.1.0/../../../../powerpc-eabi/lib/libc.a(libc_a-__call_atexit.o)
 *(.init_array EXCLUDE_FILE(*crtend?.o *crtend.o *crtbegin?.o *crtbegin.o) .ctors)
 .ctors         0x10000c08        0x0 /opt/devkitpro/devkitPPC/bin/../lib/gcc/powerpc-eabi/15.1.0/ecrti.o
                0x10000c08                __CTOR_LIST__
 .ctors         0x10000c08        0x0 /opt/devkitpro/devkitPPC/bin/../lib/gcc/powerpc-eabi/15.1.0/ecrtn.o
                0x10000c08                __CTOR_END__
 *(SORT_BY_NAME(.ctors.*))
 *(.ctors)
 .ctors         0x10000c08        0x4 /opt/devkitpro/devkitPPC/bin/../lib/gcc/powerpc-eabi/15.1.0/crtend.o
                [!provide]                        PROVIDE (__init_array_end = .)
                [!provide]                        PROVIDE (__fini_array_start = .)
 *crtbegin.o(.dtors)
 .dtors         0x10000c0c        0x4 /opt/devkitpro/devkitPPC/bin/../lib/gcc/powerpc-eabi/15.1.0/crtbegin.o
 *crtbegin?.o(.dtors)
 *(SORT_BY_INIT_PRIORITY(.fini_array.*) SORT_BY_INIT_PRIORITY(.dtors.*))
 *(.fini_array EXCLUDE_FILE(*crtend?.o *crtend.o *crtbegin?.o *crtbegin.o) .dtors)
 .dtors         0x10000c10        0x0 /opt/devkitpro/devkitPPC/bin/../lib/gcc/powerpc-eabi/15.1.0/ecrti.o
                0x10000c10                __DTOR_LIST__
 .dtors         0x10000c10        0x0 /opt/devkitpro/devkitPPC/bin/../lib/gcc/powerpc-eabi/15.1.0/ecrtn.o
 *(SORT_BY_NAME(.dtors.*))
 *(.dtors)
 .dtors         0x10000c10        0x4 /opt/devkitpro/devkitPPC/bin/../lib/gcc/powerpc-eabi/15.1.0/crtend.o
                0x10000c10                __DTOR_END__
                [!provide]                        PROVIDE (__fini_array_end = .)
 *(.jcr)
 *(.fixup)
 *(.got1)
 *(.got2)
 .got2          0x10000c14       0x1c /opt/devkitpro/devkitPPC/bin/../lib/gcc/powerpc-eabi/15.1.0/libgcc.a(eabi.o)
 *(.branch_lt)
 .branch_lt     0x10000c30        0x0 /opt/devkitpro/devkitPPC/bin/../lib/gcc/powerpc-eabi/15.1.0/crtbegin.o
 *(.got)
 *(.plt)
 *(.tm_clone_table)

.eh_frame       0x10000c30     0x2458
 *(.eh_frame_hdr)
 *(.eh_frame_entry .eh_frame_entry.*)
 *(.eh_frame)
 .eh_frame      0x10000c30        0x0 /opt/devkitpro/devkitPPC/bin/../lib/gcc/powerpc-eabi/15.1.0/ecrti.o
                0x10000c30                __EH_FRAME_BEGIN__
 .eh_frame      0x10000c30        0x0 /opt/devkitpro/devkitPPC/bin/../lib/gcc/powerpc-eabi/15.1.0/crtbegin.o
 .eh_frame      0x10000c30        0x0 /opt/devkitpro/devkitPPC/bin/../lib/gcc/powerpc-eabi/15.1.0/crtbegin.o
 .eh_frame      0x10000c30      0x170 main.o
                                0x184 (size before relaxing)
 .eh_frame      0x10000da0       0x48 /opt/devkitpro/wut/lib/libwut.a(wut_crt.o)
                                 0x5c (size before relaxing)
 .eh_frame      0x10000de8       0x20 /opt/devkitpro/wut/lib/libwut.a(wut_preinit.o)
                                 0x34 (size before relaxing)
 .eh_frame      0x10000e08       0x3c /opt/devkitpro/wut/lib/libwut.a(wut_malloc_lock.o)
                                 0x50 (size before relaxing)
 .eh_frame      0x10000e44      0x160 /opt/devkitpro/wut/lib/libwut.a(wut_newlib.o)
                                0x228 (size before relaxing)
 .eh_frame      0x10000fa4       0x60 /opt/devkitpro/wut/lib/libwut.a(wut_reent.o)
                                 0x74 (size before relaxing)
 .eh_frame      0x10001004       0x80 /opt/devkitpro/wut/lib/libwut.a(wut_sbrk.o)
                                 0x94 (size before relaxing)
 .eh_frame      0x10001084       0x28 /opt/devkitpro/wut/lib/libwut.a(wut_thread_specific.o)
                                 0x3c (size before relaxing)
 .eh_frame      0x100010ac       0x34 /opt/devkitpro/wut/lib/libwut.a(connect.o)
                                 0x48 (size before relaxing)
 .eh_frame      0x100010e0       0x20 /opt/devkitpro/wut/lib/libwut.a(inet_addr.o)
                                 0x34 (size before relaxing)
 .eh_frame      0x10001100       0x3c /opt/devkitpro/wut/lib/libwut.a(recv.o)
                                 0x50 (size before relaxing)
 .eh_frame      0x1000113c       0x3c /opt/devkitpro/wut/lib/libwut.a(send.o)
                                 0x50 (size before relaxing)
 .eh_frame      0x10001178       0x30 /opt/devkitpro/wut/lib/libwut.a(shutdown.o)
                                 0x44 (size before relaxing)
 .eh_frame      0x100011a8       0x40 /opt/devkitpro/wut/lib/libwut.a(socket.o)
                                 0x54 (size before relaxing)
 .eh_frame      0x100011e8       0x88 /opt/devkitpro/wut/lib/libwut.a(wut_socket_common.o)
                                 0xc4 (size before relaxing)
 .eh_frame      0x10001270       0x14 /opt/devkitpro/wut/lib/libwut.a(wut_socket_open.o)
                                 0x28 (size before relaxing)
 .eh_frame      0x10001284       0x24 /opt/devkitpro/wut/lib/libwut.a(wut_socket_read.o)
                                 0x38 (size before relaxing)
 .eh_frame      0x100012a8       0x24 /opt/devkitpro/wut/lib/libwut.a(wut_socket_write.o)
                                 0x38 (size before relaxing)
 .eh_frame      0x100012cc       0x50 /opt/devkitpro/wut/lib/libwut.a(wut_defaultheap.o)
                                 0x78 (size before relaxing)
 .eh_frame      0x1000131c      0x128 /opt/devkitpro/wut/lib/libwut.a(console.o)
                                0x13c (size before relaxing)
 .eh_frame      0x10001444       0x5c /opt/devkitpro/wut/lib/libwut.a(log.o)
                                0x11c (size before relaxing)
 .eh_frame      0x100014a0       0xac /opt/devkitpro/wut/lib/libwut.a(proc.o)
                                 0xd4 (size before relaxing)
 .eh_frame      0x1000154c       0x28 /opt/devkitpro/wut/lib/libwut.a(wut_gthread.o)
                                0x2a4 (size before relaxing)
 .eh_frame      0x10001574        0x0 /opt/devkitpro/wut/lib/libwut.a(wut_gthread_keys.o)
                                0x124 (size before relaxing)
 .eh_frame      0x10001574        0x0 /opt/devkitpro/wut/lib/libwut.a(wut_gthread_mutex.o)
                                 0x9c (size before relaxing)
 .eh_frame      0x10001574        0x0 /opt/devkitpro/wut/lib/libwut.a(wut_gthread_once.o)
                                 0x40 (size before relaxing)
 .eh_frame      0x10001574        0x0 /opt/devkitpro/wut/lib/libwut.a(wut_gthread_recursive_mutex.o)
                                 0xa8 (size before relaxing)
 .eh_frame      0x10001574        0x0 /opt/devkitpro/wut/lib/libwut.a(wut_gthread_thread.o)
                                0x144 (size before relaxing)
 .eh_frame      0x10001574       0x74 /opt/devkitpro/wut/lib/libwut.a(devoptab_fsa.o)
                                 0x88 (size before relaxing)
 .eh_frame      0x100015e8       0x48 /opt/devkitpro/wut/lib/libwut.a(devoptab_fsa_dirclose.o)
                                 0x5c (size before relaxing)
 .eh_frame      0x10001630       0x70 /opt/devkitpro/wut/lib/libwut.a(devoptab_fsa_dirnext.o)
                                 0x84 (size before relaxing)
 .eh_frame      0x100016a0       0x74 /opt/devkitpro/wut/lib/libwut.a(devoptab_fsa_diropen.o)
                                 0x88 (size before relaxing)
 .eh_frame      0x10001714       0x48 /opt/devkitpro/wut/lib/libwut.a(devoptab_fsa_dirreset.o)
                                 0x5c (size before relaxing)
 .eh_frame      0x1000175c       0x54 /opt/devkitpro/wut/lib/libwut.a(devoptab_fsa_fstat.o)
                                 0x68 (size before relaxing)
 .eh_frame      0x100017b0       0x48 /opt/devkitpro/wut/lib/libwut.a(devoptab_fsa_fsync.o)
                                 0x5c (size before relaxing)
 .eh_frame      0x100017f8       0x4c /opt/devkitpro/wut/lib/libwut.a(devoptab_fsa_mkdir.o)
                                 0x60 (size before relaxing)
 .eh_frame      0x10001844      0x120 /opt/devkitpro/wut/lib/libwut.a(devoptab_fsa_open.o)
                                0x134 (size before relaxing)
 .eh_frame      0x10001964       0x88 /opt/devkitpro/wut/lib/libwut.a(devoptab_fsa_read.o)
                                 0x9c (size before relaxing)
 .eh_frame      0x100019ec       0x54 /opt/devkitpro/wut/lib/libwut.a(devoptab_fsa_rename.o)
                                 0x68 (size before relaxing)
 .eh_frame      0x10001a40       0x44 /opt/devkitpro/wut/lib/libwut.a(devoptab_fsa_rmdir.o)
                                 0x58 (size before relaxing)
 .eh_frame      0x10001a84       0x5c /opt/devkitpro/wut/lib/libwut.a(devoptab_fsa_seek.o)
                                 0x70 (size before relaxing)
 .eh_frame      0x10001ae0       0x64 /opt/devkitpro/wut/lib/libwut.a(devoptab_fsa_stat.o)
                                 0x78 (size before relaxing)
 .eh_frame      0x10001b44       0x54 /opt/devkitpro/wut/lib/libwut.a(devoptab_fsa_statvfs.o)
                                 0x68 (size before relaxing)
 .eh_frame      0x10001b98       0x50 /opt/devkitpro/wut/lib/libwut.a(devoptab_fsa_truncate.o)
                                 0x64 (size before relaxing)
 .eh_frame      0x10001be8       0x44 /opt/devkitpro/wut/lib/libwut.a(devoptab_fsa_unlink.o)
                                 0x58 (size before relaxing)
 .eh_frame      0x10001c2c       0xcc /opt/devkitpro/wut/lib/libwut.a(devoptab_fsa_utils.o)
                                 0xe0 (size before relaxing)
 .eh_frame      0x10001cf8       0x80 /opt/devkitpro/wut/lib/libwut.a(devoptab_fsa_write.o)
                                 0x94 (size before relaxing)
 .eh_frame      0x10001d78        0x0 /opt/devkitpro/wut/lib/libwut.a(wut_clock.o)
                                 0xa0 (size before relaxing)
 .eh_frame      0x10001d78        0x0 /opt/devkitpro/wut/lib/libwut.a(wut_gettod_r.o)
                                 0x48 (size before relaxing)
 .eh_frame      0x10001d78       0x88 /opt/devkitpro/wut/lib/libwut.a(wut_lock.o)
                                 0xd4 (size before relaxing)
 .eh_frame      0x10001e00        0x0 /opt/devkitpro/wut/lib/libwut.a(wut_nanosleep.o)
                                 0x4c (size before relaxing)
 .eh_frame      0x10001e00       0x28 /opt/devkitpro/wut/lib/libwut.a(wut_socket_close.o)
                                 0x3c (size before relaxing)
 .eh_frame      0x10001e28        0x0 /opt/devkitpro/wut/lib/libwut.a(wut_gthread_cond.o)
                                0x12c (size before relaxing)
 .eh_frame      0x10001e28       0x5c /opt/devkitpro/wut/lib/libwut.a(devoptab_fsa_chdir.o)
                                 0x70 (size before relaxing)
 .eh_frame      0x10001e84       0x4c /opt/devkitpro/wut/lib/libwut.a(devoptab_fsa_chmod.o)
                                 0x60 (size before relaxing)
 .eh_frame      0x10001ed0       0x48 /opt/devkitpro/wut/lib/libwut.a(devoptab_fsa_close.o)
                                 0x5c (size before relaxing)
 .eh_frame      0x10001f18       0x28 /opt/devkitpro/devkitPPC/bin/../lib/gcc/powerpc-eabi/15.1.0/libgcc.a(_divdi3.o)
                                 0x3c (size before relaxing)
 .eh_frame      0x10001f40       0x3c /opt/devkitpro/devkitPPC/bin/../lib/gcc/powerpc-eabi/15.1.0/libgcc.a(_udivdi3.o)
                                 0x50 (size before relaxing)
 .eh_frame      0x10001f7c       0x18 /opt/devkitpro/devkitPPC/bin/../lib/gcc/powerpc-eabi/15.1.0/../../../../powerpc-eabi/lib/libsysbase.a(libsysbase_libsysbase_a-abort.o)
                                 0x2c (size before relaxing)
 .eh_frame      0x10001f94       0x48 /opt/devkitpro/devkitPPC/bin/../lib/gcc/powerpc-eabi/15.1.0/../../../../powerpc-eabi/lib/libsysbase.a(libsysbase_libsysbase_a-chdir.o)
                                 0xb4 (size before relaxing)
 .eh_frame      0x10001fdc       0x8c /opt/devkitpro/devkitPPC/bin/../lib/gcc/powerpc-eabi/15.1.0/../../../../powerpc-eabi/lib/libsysbase.a(libsysbase_libsysbase_a-concatenate.o)
                                 0xa0 (size before relaxing)
 .eh_frame      0x10002068       0x14 /opt/devkitpro/devkitPPC/bin/../lib/gcc/powerpc-eabi/15.1.0/../../../../powerpc-eabi/lib/libsysbase.a(libsysbase_libsysbase_a-getreent.o)
                                 0x28 (size before relaxing)
 .eh_frame      0x1000207c       0xf4 /opt/devkitpro/devkitPPC/bin/../lib/gcc/powerpc-eabi/15.1.0/../../../../powerpc-eabi/lib/libsysbase.a(libsysbase_libsysbase_a-handle_manager.o)
                                0x19c (size before relaxing)
 .eh_frame      0x10002170      0x100 /opt/devkitpro/devkitPPC/bin/../lib/gcc/powerpc-eabi/15.1.0/../../../../powerpc-eabi/lib/libsysbase.a(libsysbase_libsysbase_a-iosupport.o)
                                0x13c (size before relaxing)
 .eh_frame      0x10002270       0x78 /opt/devkitpro/devkitPPC/bin/../lib/gcc/powerpc-eabi/15.1.0/../../../../powerpc-eabi/lib/libsysbase.a(libsysbase_libsysbase_a-syscall_support.o)
                                0x104 (size before relaxing)
 .eh_frame      0x100022e8       0x20 /opt/devkitpro/devkitPPC/bin/../lib/gcc/powerpc-eabi/15.1.0/../../../../powerpc-eabi/lib/libsysbase.a(libsysbase_libsysbase_a-_exit.o)
                                 0x34 (size before relaxing)
 .eh_frame      0x10002308       0x14 /opt/devkitpro/devkitPPC/bin/../lib/gcc/powerpc-eabi/15.1.0/../../../../powerpc-eabi/lib/libc.a(libc_a-strncpy.o)
                                 0x28 (size before relaxing)
 .eh_frame      0x1000231c       0x14 /opt/devkitpro/devkitPPC/bin/../lib/gcc/powerpc-eabi/15.1.0/../../../../powerpc-eabi/lib/libc.a(libc_a-strcmp.o)
                                 0x28 (size before relaxing)
 .eh_frame      0x10002330       0x14 /opt/devkitpro/devkitPPC/bin/../lib/gcc/powerpc-eabi/15.1.0/../../../../powerpc-eabi/lib/libc.a(libc_a-memset.o)
                                 0x28 (size before relaxing)
 .eh_frame      0x10002344       0x88 /opt/devkitpro/devkitPPC/bin/../lib/gcc/powerpc-eabi/15.1.0/../../../../powerpc-eabi/lib/libc.a(libc_a-vsnprintf.o)
                                 0x9c (size before relaxing)
 .eh_frame      0x100023cc       0x28 /opt/devkitpro/devkitPPC/bin/../lib/gcc/powerpc-eabi/15.1.0/../../../../powerpc-eabi/lib/libc.a(libc_a-strdup.o)
                                 0x3c (size before relaxing)
 .eh_frame      0x100023f4       0x14 /opt/devkitpro/devkitPPC/bin/../lib/gcc/powerpc-eabi/15.1.0/../../../../powerpc-eabi/lib/libc.a(libc_a-strchr.o)
                                 0x28 (size before relaxing)
 .eh_frame      0x10002408       0xb8 /opt/devkitpro/devkitPPC/bin/../lib/gcc/powerpc-eabi/15.1.0/../../../../powerpc-eabi/lib/libc.a(libc_a-svfprintf.o)
                                 0xcc (size before relaxing)
 .eh_frame      0x100024c0       0x14 /opt/devkitpro/devkitPPC/bin/../lib/gcc/powerpc-eabi/15.1.0/../../../../powerpc-eabi/lib/libc.a(libc_a-memcpy.o)
                                 0x28 (size before relaxing)
 .eh_frame      0x100024d4       0x14 /opt/devkitpro/devkitPPC/bin/../lib/gcc/powerpc-eabi/15.1.0/../../../../powerpc-eabi/lib/libc.a(libc_a-strncmp.o)
                                 0x28 (size before relaxing)
 .eh_frame      0x100024e8       0x3c /opt/devkitpro/devkitPPC/bin/../lib/gcc/powerpc-eabi/15.1.0/../../../../powerpc-eabi/lib/libc.a(libc_a-wcrtomb.o)
                                 0x90 (size before relaxing)
 .eh_frame      0x10002524        0x0 /opt/devkitpro/devkitPPC/bin/../lib/gcc/powerpc-eabi/15.1.0/../../../../powerpc-eabi/lib/libc.a(libc_a-findfp.o)
                                0x1b4 (size before relaxing)
 .eh_frame      0x10002524        0x0 /opt/devkitpro/devkitPPC/bin/../lib/gcc/powerpc-eabi/15.1.0/../../../../powerpc-eabi/lib/libc.a(libc_a-calloc.o)
                                 0x40 (size before relaxing)
 .eh_frame      0x10002524       0x38 /opt/devkitpro/devkitPPC/bin/../lib/gcc/powerpc-eabi/15.1.0/../../../../powerpc-eabi/lib/libc.a(libc_a-reent.o)
                                 0x4c (size before relaxing)
 .eh_frame      0x1000255c        0x0 /opt/devkitpro/devkitPPC/bin/../lib/gcc/powerpc-eabi/15.1.0/../../../../powerpc-eabi/lib/libc.a(libc_a-fclose.o)
                                 0xa8 (size before relaxing)
 .eh_frame      0x1000255c       0x3c /opt/devkitpro/devkitPPC/bin/../lib/gcc/powerpc-eabi/15.1.0/../../../../powerpc-eabi/lib/libc.a(libc_a-callocr.o)
                                 0x50 (size before relaxing)
 .eh_frame      0x10002598       0x14 /opt/devkitpro/devkitPPC/bin/../lib/gcc/powerpc-eabi/15.1.0/../../../../powerpc-eabi/lib/libc.a(libc_a-strlen.o)
                                 0x28 (size before relaxing)
 .eh_frame      0x100025ac       0x2c /opt/devkitpro/devkitPPC/bin/../lib/gcc/powerpc-eabi/15.1.0/../../../../powerpc-eabi/lib/libc.a(libc_a-strdup_r.o)
                                 0x40 (size before relaxing)
 .eh_frame      0x100025d8       0x64 /opt/devkitpro/devkitPPC/bin/../lib/gcc/powerpc-eabi/15.1.0/../../../../powerpc-eabi/lib/libc.a(libc_a-mallocr.o)
                                 0x78 (size before relaxing)
 .eh_frame      0x1000263c      0x170 /opt/devkitpro/devkitPPC/bin/../lib/gcc/powerpc-eabi/15.1.0/../../../../powerpc-eabi/lib/libc.a(libc_a-dtoa.o)
                                0x184 (size before relaxing)
 .eh_frame      0x100027ac       0x8c /opt/devkitpro/devkitPPC/bin/../lib/gcc/powerpc-eabi/15.1.0/../../../../powerpc-eabi/lib/libc.a(libc_a-freer.o)
                                 0xa0 (size before relaxing)
 .eh_frame      0x10002838       0x28 /opt/devkitpro/devkitPPC/bin/../lib/gcc/powerpc-eabi/15.1.0/../../../../powerpc-eabi/lib/libc.a(libc_a-sysclose.o)
                                 0x3c (size before relaxing)
 .eh_frame      0x10002860       0x34 /opt/devkitpro/devkitPPC/bin/../lib/gcc/powerpc-eabi/15.1.0/../../../../powerpc-eabi/lib/libc.a(libc_a-strrchr.o)
                                 0x48 (size before relaxing)
 .eh_frame      0x10002894       0x14 /opt/devkitpro/devkitPPC/bin/../lib/gcc/powerpc-eabi/15.1.0/../../../../powerpc-eabi/lib/libc.a(libc_a-strcpy.o)
                                 0x28 (size before relaxing)
 .eh_frame      0x100028a8       0x20 /opt/devkitpro/devkitPPC/bin/../lib/gcc/powerpc-eabi/15.1.0/../../../../powerpc-eabi/lib/libc.a(libc_a-errno.o)
                                 0x34 (size before relaxing)
 .eh_frame      0x100028c8       0x58 /opt/devkitpro/devkitPPC/bin/../lib/gcc/powerpc-eabi/15.1.0/../../../../powerpc-eabi/lib/libc.a(libc_a-malloc.o)
                                 0x6c (size before relaxing)
 .eh_frame      0x10002920        0x0 /opt/devkitpro/devkitPPC/bin/../lib/gcc/powerpc-eabi/15.1.0/../../../../powerpc-eabi/lib/libc.a(libc_a-svfiprintf.o)
                                 0xcc (size before relaxing)
 .eh_frame      0x10002920       0x20 /opt/devkitpro/devkitPPC/bin/../lib/gcc/powerpc-eabi/15.1.0/../../../../powerpc-eabi/lib/libc.a(libc_a-exit.o)
                                 0x34 (size before relaxing)
 .eh_frame      0x10002940       0x40 /opt/devkitpro/devkitPPC/bin/../lib/gcc/powerpc-eabi/15.1.0/../../../../powerpc-eabi/lib/libc.a(libc_a-snprintf.o)
                                 0x84 (size before relaxing)
 .eh_frame      0x10002980       0x14 /opt/devkitpro/devkitPPC/bin/../lib/gcc/powerpc-eabi/15.1.0/../../../../powerpc-eabi/lib/libc.a(libc_a-memchr.o)
                                 0x28 (size before relaxing)
 .eh_frame      0x10002994        0x0 /opt/devkitpro/devkitPPC/bin/../lib/gcc/powerpc-eabi/15.1.0/../../../../powerpc-eabi/lib/libc.a(libc_a-ctype_.o)
                                 0x28 (size before relaxing)
 .eh_frame      0x10002994       0x5c /opt/devkitpro/devkitPPC/bin/../lib/gcc/powerpc-eabi/15.1.0/../../../../powerpc-eabi/lib/libc.a(libc_a-ssprint_r.o)
                                 0x70 (size before relaxing)
 .eh_frame      0x100029f0       0x14 /opt/devkitpro/devkitPPC/bin/../lib/gcc/powerpc-eabi/15.1.0/../../../../powerpc-eabi/lib/libc.a(libc_a-strnlen.o)
                                 0x28 (size before relaxing)
 .eh_frame      0x10002a04        0x0 /opt/devkitpro/devkitPPC/bin/../lib/gcc/powerpc-eabi/15.1.0/../../../../powerpc-eabi/lib/libc.a(libc_a-stdio.o)
                                 0xc8 (size before relaxing)
 .eh_frame      0x10002a04        0x0 /opt/devkitpro/devkitPPC/bin/../lib/gcc/powerpc-eabi/15.1.0/../../../../powerpc-eabi/lib/libc.a(libc_a-fflush.o)
                                0x11c (size before relaxing)
 .eh_frame      0x10002a04       0x2c /opt/devkitpro/devkitPPC/bin/../lib/gcc/powerpc-eabi/15.1.0/../../../../powerpc-eabi/lib/libc.a(libc_a-malign.o)
                                 0x40 (size before relaxing)
 .eh_frame      0x10002a30       0x18 /opt/devkitpro/devkitPPC/bin/../lib/gcc/powerpc-eabi/15.1.0/../../../../powerpc-eabi/lib/libc.a(libm_a-s_frexp.o)
                                 0x2c (size before relaxing)
 .eh_frame      0x10002a48        0x0 /opt/devkitpro/devkitPPC/bin/../lib/gcc/powerpc-eabi/15.1.0/../../../../powerpc-eabi/lib/libc.a(libc_a-fwalk.o)
                                 0x48 (size before relaxing)
 .eh_frame      0x10002a48      0x254 /opt/devkitpro/devkitPPC/bin/../lib/gcc/powerpc-eabi/15.1.0/../../../../powerpc-eabi/lib/libc.a(libc_a-mprec.o)
                                0x3a4 (size before relaxing)
 .eh_frame      0x10002c9c       0x28 /opt/devkitpro/devkitPPC/bin/../lib/gcc/powerpc-eabi/15.1.0/../../../../powerpc-eabi/lib/libc.a(libc_a-localeconv.o)
                                 0x78 (size before relaxing)
 .eh_frame      0x10002cc4       0x28 /opt/devkitpro/devkitPPC/bin/../lib/gcc/powerpc-eabi/15.1.0/../../../../powerpc-eabi/lib/libc.a(libc_a-locale.o)
                                0x26c (size before relaxing)
 .eh_frame      0x10002cec       0x14 /opt/devkitpro/devkitPPC/bin/../lib/gcc/powerpc-eabi/15.1.0/../../../../powerpc-eabi/lib/libc.a(libc_a-wcsrtombs.o)
                                 0x5c (size before relaxing)
 .eh_frame      0x10002d00       0x38 /opt/devkitpro/devkitPPC/bin/../lib/gcc/powerpc-eabi/15.1.0/../../../../powerpc-eabi/lib/libc.a(libc_a-mbtowc_r.o)
                                0x1a4 (size before relaxing)
 .eh_frame      0x10002d38        0x0 /opt/devkitpro/devkitPPC/bin/../lib/gcc/powerpc-eabi/15.1.0/../../../../powerpc-eabi/lib/libc.a(libc_a-strcasecmp.o)
                                 0x28 (size before relaxing)
 .eh_frame      0x10002d38       0x30 /opt/devkitpro/devkitPPC/bin/../lib/gcc/powerpc-eabi/15.1.0/../../../../powerpc-eabi/lib/libc.a(libc_a-ssputs_r.o)
                                 0x44 (size before relaxing)
 .eh_frame      0x10002d68       0x60 /opt/devkitpro/devkitPPC/bin/../lib/gcc/powerpc-eabi/15.1.0/../../../../powerpc-eabi/lib/libc.a(libc_a-malignr.o)
                                 0x74 (size before relaxing)
 .eh_frame      0x10002dc8        0x0 /opt/devkitpro/devkitPPC/bin/../lib/gcc/powerpc-eabi/15.1.0/../../../../powerpc-eabi/lib/libc.a(libc_a-strcat.o)
                                 0x3c (size before relaxing)
 .eh_frame      0x10002dc8       0x9c /opt/devkitpro/devkitPPC/bin/../lib/gcc/powerpc-eabi/15.1.0/../../../../powerpc-eabi/lib/libc.a(libc_a-wcsnrtombs.o)
                                 0xf4 (size before relaxing)
 .eh_frame      0x10002e64        0x0 /opt/devkitpro/devkitPPC/bin/../lib/gcc/powerpc-eabi/15.1.0/../../../../powerpc-eabi/lib/libc.a(libc_a-strtol.o)
                                 0xe8 (size before relaxing)
 .eh_frame      0x10002e64       0x14 /opt/devkitpro/devkitPPC/bin/../lib/gcc/powerpc-eabi/15.1.0/../../../../powerpc-eabi/lib/libc.a(libc_a-wctomb_r.o)
                                 0xb8 (size before relaxing)
 .eh_frame      0x10002e78       0x88 /opt/devkitpro/devkitPPC/bin/../lib/gcc/powerpc-eabi/15.1.0/../../../../powerpc-eabi/lib/libc.a(libc_a-__call_atexit.o)
                                 0x9c (size before relaxing)
 .eh_frame      0x10002f00        0x0 /opt/devkitpro/devkitPPC/bin/../lib/gcc/powerpc-eabi/15.1.0/../../../../powerpc-eabi/lib/libc.a(libc_a-strlcpy.o)
                                 0x28 (size before relaxing)
 .eh_frame      0x10002f00        0x0 /opt/devkitpro/devkitPPC/bin/../lib/gcc/powerpc-eabi/15.1.0/../../../../powerpc-eabi/lib/libc.a(libc_a-getenv_r.o)
                                 0x90 (size before relaxing)
 .eh_frame      0x10002f00       0x64 /opt/devkitpro/devkitPPC/bin/../lib/gcc/powerpc-eabi/15.1.0/../../../../powerpc-eabi/lib/libc.a(libc_a-reallocr.o)
                                 0x78 (size before relaxing)
 .eh_frame      0x10002f64       0x14 /opt/devkitpro/devkitPPC/bin/../lib/gcc/powerpc-eabi/15.1.0/../../../../powerpc-eabi/lib/libc.a(libc_a-atexit.o)
                                 0x28 (size before relaxing)
 .eh_frame      0x10002f78        0x0 /opt/devkitpro/devkitPPC/bin/../lib/gcc/powerpc-eabi/15.1.0/../../../../powerpc-eabi/lib/libc.a(libc_a-envlock.o)
                                 0x48 (size before relaxing)
 .eh_frame      0x10002f78        0x0 /opt/devkitpro/devkitPPC/bin/../lib/gcc/powerpc-eabi/15.1.0/../../../../powerpc-eabi/lib/libc.a(libc_a-strncasecmp.o)
                                 0x28 (size before relaxing)
 .eh_frame      0x10002f78       0x14 /opt/devkitpro/devkitPPC/bin/../lib/gcc/powerpc-eabi/15.1.0/../../../../powerpc-eabi/lib/libc.a(libc_a-memmove.o)
                                 0x28 (size before relaxing)
 .eh_frame      0x10002f8c       0x38 /opt/devkitpro/devkitPPC/bin/../lib/gcc/powerpc-eabi/15.1.0/../../../../powerpc-eabi/lib/libc.a(libc_a-__atexit.o)
                                 0x4c (size before relaxing)
 .eh_frame      0x10002fc4       0x18 /opt/devkitpro/devkitPPC/bin/../lib/gcc/powerpc-eabi/15.1.0/../../../../powerpc-eabi/lib/libsysbase.a(libsysbase_libsysbase_a-assert.o)
                                 0x2c (size before relaxing)
 .eh_frame      0x10002fdc        0x0 /opt/devkitpro/devkitPPC/bin/../lib/gcc/powerpc-eabi/15.1.0/../../../../powerpc-eabi/lib/libsysbase.a(libsysbase_libsysbase_a-flock.o)
                                 0x48 (size before relaxing)
 .eh_frame      0x10002fdc        0x0 /opt/devkitpro/devkitPPC/bin/../lib/gcc/powerpc-eabi/15.1.0/../../../../powerpc-eabi/lib/libsysbase.a(libsysbase_libsysbase_a-lseek.o)
                                 0x5c (size before relaxing)
 .eh_frame      0x10002fdc        0x0 /opt/devkitpro/devkitPPC/bin/../lib/gcc/powerpc-eabi/15.1.0/../../../../powerpc-eabi/lib/libsysbase.a(libsysbase_libsysbase_a-read.o)
                                 0x58 (size before relaxing)
 .eh_frame      0x10002fdc        0x0 /opt/devkitpro/devkitPPC/bin/../lib/gcc/powerpc-eabi/15.1.0/../../../../powerpc-eabi/lib/libsysbase.a(libsysbase_libsysbase_a-write.o)
                                 0x58 (size before relaxing)
 .eh_frame      0x10002fdc       0x2c /opt/devkitpro/devkitPPC/bin/../lib/gcc/powerpc-eabi/15.1.0/libgcc.a(_umoddi3.o)
                                 0x40 (size before relaxing)
 .eh_frame      0x10003008       0x7c /opt/devkitpro/devkitPPC/bin/../lib/gcc/powerpc-eabi/15.1.0/libgcc.a(crtresxgpr.o)
 .eh_frame      0x10003084        0x0 /opt/devkitpro/devkitPPC/bin/../lib/gcc/powerpc-eabi/15.1.0/crtend.o
                                  0x4 (size before relaxing)
 .eh_frame      0x10003084        0x4 /opt/devkitpro/devkitPPC/bin/../lib/gcc/powerpc-eabi/15.1.0/ecrtn.o
                0x10003084                __EH_FRAME_END__
 *(.eh_frame.*)

.data           0x10003088     0x1c00
 *(.data .data.* .gnu.linkonce.d.*)
 .data.__wut_socket_devoptab
                0x10003088       0x80 /opt/devkitpro/wut/lib/libwut.a(wut_socket_common.o)
 .data.consoleColor
                0x10003108        0x4 /opt/devkitpro/wut/lib/libwut.a(console.o)
 .data.sConsoleHasForeground
                0x1000310c        0x4 /opt/devkitpro/wut/lib/libwut.a(console.o)
 .data          0x10003110        0x4 /opt/devkitpro/devkitPPC/bin/../lib/gcc/powerpc-eabi/15.1.0/libgcc.a(eabi.o)
 .data._current_working_directory
                0x10003114      0x400 /opt/devkitpro/devkitPPC/bin/../lib/gcc/powerpc-eabi/15.1.0/../../../../powerpc-eabi/lib/libsysbase.a(libsysbase_libsysbase_a-chdir.o)
 .data.handles  0x10003514     0x1000 /opt/devkitpro/devkitPPC/bin/../lib/gcc/powerpc-eabi/15.1.0/../../../../powerpc-eabi/lib/libsysbase.a(libsysbase_libsysbase_a-handle_manager.o)
 .data.__stderr_handle
                0x10004514        0xc /opt/devkitpro/devkitPPC/bin/../lib/gcc/powerpc-eabi/15.1.0/../../../../powerpc-eabi/lib/libsysbase.a(libsysbase_libsysbase_a-handle_manager.o)
 .data.__stdout_handle
                0x10004520        0xc /opt/devkitpro/devkitPPC/bin/../lib/gcc/powerpc-eabi/15.1.0/../../../../powerpc-eabi/lib/libsysbase.a(libsysbase_libsysbase_a-handle_manager.o)
 .data.__stdin_handle
                0x1000452c        0xc /opt/devkitpro/devkitPPC/bin/../lib/gcc/powerpc-eabi/15.1.0/../../../../powerpc-eabi/lib/libsysbase.a(libsysbase_libsysbase_a-handle_manager.o)
 .data.devoptab_list
                0x10004538       0x8c /opt/devkitpro/devkitPPC/bin/../lib/gcc/powerpc-eabi/15.1.0/../../../../powerpc-eabi/lib/libsysbase.a(libsysbase_libsysbase_a-iosupport.o)
                0x10004538                devoptab_list
 .data.defaultDevice
                0x100045c4        0x4 /opt/devkitpro/devkitPPC/bin/../lib/gcc/powerpc-eabi/15.1.0/../../../../powerpc-eabi/lib/libsysbase.a(libsysbase_libsysbase_a-iosupport.o)
 .data._impure_data
                0x100045c8      0x140 /opt/devkitpro/devkitPPC/bin/../lib/gcc/powerpc-eabi/15.1.0/../../../../powerpc-eabi/lib/libc.a(libc_a-impure.o)
                0x100045c8                _impure_data
 .data.__malloc_av_
                0x10004708      0x408 /opt/devkitpro/devkitPPC/bin/../lib/gcc/powerpc-eabi/15.1.0/../../../../powerpc-eabi/lib/libc.a(libc_a-mallocr.o)
                0x10004708                __malloc_av_
 .data.__global_locale
                0x10004b10      0x16c /opt/devkitpro/devkitPPC/bin/../lib/gcc/powerpc-eabi/15.1.0/../../../../powerpc-eabi/lib/libc.a(libc_a-locale.o)
                0x10004b10                __global_locale
 *(.data1)
 *(.sdata .sdata.* .gnu.linkonce.s.*)
 .sdata         0x10004c7c        0x0 /opt/devkitpro/devkitPPC/bin/../lib/gcc/powerpc-eabi/15.1.0/ecrti.o
                0x10004c7c                __SDATA_START__
 .sdata         0x10004c7c        0x0 /opt/devkitpro/devkitPPC/bin/../lib/gcc/powerpc-eabi/15.1.0/crtbegin.o
                0x1000cc7c                _SDA_BASE_
 .sdata         0x10004c7c        0x4 /opt/devkitpro/devkitPPC/bin/../lib/gcc/powerpc-eabi/15.1.0/../../../../powerpc-eabi/lib/libc.a(libc_a-impure.o)
                0x10004c7c                _impure_ptr
 .sdata.__malloc_sbrk_base
                0x10004c80        0x4 /opt/devkitpro/devkitPPC/bin/../lib/gcc/powerpc-eabi/15.1.0/../../../../powerpc-eabi/lib/libc.a(libc_a-mallocr.o)
                0x10004c80                __malloc_sbrk_base
 .sdata.__malloc_trim_threshold
                0x10004c84        0x4 /opt/devkitpro/devkitPPC/bin/../lib/gcc/powerpc-eabi/15.1.0/../../../../powerpc-eabi/lib/libc.a(libc_a-mallocr.o)
                0x10004c84                __malloc_trim_threshold

.bss            0x10004c90     0x1a68
 *(.dynsbss)
 *(.sbss .sbss.* .gnu.linkonce.sb.*)
 .sbss.__wut_exit
                0x10004c90        0x4 /opt/devkitpro/wut/lib/libwut.a(wut_newlib.o)
                0x10004c90                __wut_exit
 .sbss.__stdio_exit_handler
                0x10004c94        0x4 /opt/devkitpro/devkitPPC/bin/../lib/gcc/powerpc-eabi/15.1.0/../../../../powerpc-eabi/lib/libc.a(libc_a-findfp.o)
                0x10004c94                __stdio_exit_handler
 .sbss.__malloc_max_total_mem
                0x10004c98        0x4 /opt/devkitpro/devkitPPC/bin/../lib/gcc/powerpc-eabi/15.1.0/../../../../powerpc-eabi/lib/libc.a(libc_a-mallocr.o)
                0x10004c98                __malloc_max_total_mem
 .sbss.__malloc_max_sbrked_mem
                0x10004c9c        0x4 /opt/devkitpro/devkitPPC/bin/../lib/gcc/powerpc-eabi/15.1.0/../../../../powerpc-eabi/lib/libc.a(libc_a-mallocr.o)
                0x10004c9c                __malloc_max_sbrked_mem
 .sbss.__malloc_top_pad
                0x10004ca0        0x4 /opt/devkitpro/devkitPPC/bin/../lib/gcc/powerpc-eabi/15.1.0/../../../../powerpc-eabi/lib/libc.a(libc_a-mallocr.o)
                0x10004ca0                __malloc_top_pad
 .sbss.__atexit
                0x10004ca4        0x4 /opt/devkitpro/devkitPPC/bin/../lib/gcc/powerpc-eabi/15.1.0/../../../../powerpc-eabi/lib/libc.a(libc_a-__call_atexit.o)
                0x10004ca4                __atexit
 .sbss.__atexit_recursive_mutex
                0x10004ca8        0x4 /opt/devkitpro/devkitPPC/bin/../lib/gcc/powerpc-eabi/15.1.0/../../../../powerpc-eabi/lib/libc.a(libc_a-__call_atexit.o)
                0x10004ca8                __atexit_recursive_mutex
 .sbss          0x10004cac        0x0 /opt/devkitpro/devkitPPC/bin/../lib/gcc/powerpc-eabi/15.1.0/ecrtn.o
                0x10004cac                __SBSS_END__
 *(.scommon)
 *(.dynbss)
 *(.bss .bss.* .gnu.linkonce.b.*)
 .bss.completed.2
                0x10004cac        0x1 /opt/devkitpro/devkitPPC/bin/../lib/gcc/powerpc-eabi/15.1.0/crtbegin.o
 *fill*         0x10004cad        0x3 
 .bss.dtor_idx.1
                0x10004cb0        0x4 /opt/devkitpro/devkitPPC/bin/../lib/gcc/powerpc-eabi/15.1.0/crtbegin.o
 .bss.object.0  0x10004cb4       0x18 /opt/devkitpro/devkitPPC/bin/../lib/gcc/powerpc-eabi/15.1.0/crtbegin.o
 .bss           0x10004ccc      0x418 main.o
 *fill*         0x100050e4        0xc 
 .bss.sMallocSpinLock
                0x100050f0       0x10 /opt/devkitpro/wut/lib/libwut.a(wut_malloc_lock.o)
 .bss.sHeapSize
                0x10005100        0x4 /opt/devkitpro/wut/lib/libwut.a(wut_sbrk.o)
 .bss.sHeapMaxSize
                0x10005104        0x4 /opt/devkitpro/wut/lib/libwut.a(wut_sbrk.o)
 .bss.sHeapBase
                0x10005108        0x4 /opt/devkitpro/wut/lib/libwut.a(wut_sbrk.o)
 .bss.sHeapHandle
                0x1000510c        0x4 /opt/devkitpro/wut/lib/libwut.a(wut_sbrk.o)
 .bss.sBufferSizeDRC
                0x10005110        0x4 /opt/devkitpro/wut/lib/libwut.a(console.o)
 .bss.sBufferSizeTV
                0x10005114        0x4 /opt/devkitpro/wut/lib/libwut.a(console.o)
 .bss.sBufferDRC
                0x10005118        0x4 /opt/devkitpro/wut/lib/libwut.a(console.o)
 .bss.sBufferTV
                0x1000511c        0x4 /opt/devkitpro/wut/lib/libwut.a(console.o)
 .bss.sLineNum  0x10005120        0x4 /opt/devkitpro/wut/lib/libwut.a(console.o)
 .bss.sConsoleBuffer
                0x10005124      0x800 /opt/devkitpro/wut/lib/libwut.a(console.o)
 .bss.sHandlers
                0x10005924       0x40 /opt/devkitpro/wut/lib/libwut.a(log.o)
 .bss.sFromHBL  0x10005964        0x4 /opt/devkitpro/wut/lib/libwut.a(proc.o)
 .bss.sRunning  0x10005968        0x4 /opt/devkitpro/wut/lib/libwut.a(proc.o)
 .bss.sMainCore
                0x1000596c        0x4 /opt/devkitpro/wut/lib/libwut.a(proc.o)
 .bss.__wut_fsa_device_data
                0x10005970      0x3b8 /opt/devkitpro/wut/lib/libwut.a(devoptab_fsa.o)
                0x10005970                __wut_fsa_device_data
 .bss.sLibcLockUsedMask
                0x10005d28        0x4 /opt/devkitpro/wut/lib/libwut.a(wut_lock.o)
 .bss.sLibcLocks
                0x10005d2c      0x2c0 /opt/devkitpro/wut/lib/libwut.a(wut_lock.o)
 .bss.temp_cwd  0x10005fec      0x400 /opt/devkitpro/devkitPPC/bin/../lib/gcc/powerpc-eabi/15.1.0/../../../../powerpc-eabi/lib/libsysbase.a(libsysbase_libsysbase_a-chdir.o)
 .bss.__hndl_lock
                0x100063ec        0x4 /opt/devkitpro/devkitPPC/bin/../lib/gcc/powerpc-eabi/15.1.0/../../../../powerpc-eabi/lib/libsysbase.a(libsysbase_libsysbase_a-handle_manager.o)
 .bss.__sf      0x100063f0      0x150 /opt/devkitpro/devkitPPC/bin/../lib/gcc/powerpc-eabi/15.1.0/../../../../powerpc-eabi/lib/libc.a(libc_a-findfp.o)
                0x100063f0                __sf
 .bss.__malloc_current_mallinfo
                0x10006540       0x28 /opt/devkitpro/devkitPPC/bin/../lib/gcc/powerpc-eabi/15.1.0/../../../../powerpc-eabi/lib/libc.a(libc_a-mallocr.o)
                0x10006540                __malloc_current_mallinfo
 .bss.__atexit0
                0x10006568      0x190 /opt/devkitpro/devkitPPC/bin/../lib/gcc/powerpc-eabi/15.1.0/../../../../powerpc-eabi/lib/libc.a(libc_a-__atexit.o)
                0x10006568                __atexit0
 *(COMMON)

.iplt           0x10006700        0x0
 .iplt          0x10006700        0x0 /opt/devkitpro/devkitPPC/bin/../lib/gcc/powerpc-eabi/15.1.0/crtbegin.o
                0xc0000000                        . = ORIGIN (loadmem)

.wut_load_bounds
                0xc0000000        0x4
                0xc0000000        0x4 LONG 0x0

.fexports       0xc0000020       0x20
 *(.fexports)
 .fexports      0xc0000020       0x20 /opt/devkitpro/wut/lib/libwut.a(crt0_rpx.o)

.dexports
 *(.dexports)

.fimport_avm
 *(.fimport_avm)
 *(.fimport_avm.*)

.fimport_camera
 *(.fimport_camera)
 *(.fimport_camera.*)

.fimport_coreinit
                0xc0000040      0x218
 *(.fimport_coreinit)
 .fimport_coreinit
                0xc0000040       0x18 /opt/devkitpro/wut/lib/libwut.a(coreinit.o)
 *(.fimport_coreinit.*)
 .fimport_coreinit.DCFlushRange
                0xc0000058        0x8 /opt/devkitpro/wut/lib/libwut.a(coreinit.o)
                0xc0000058                DCFlushRange
 .fimport_coreinit.FSAAddClient
                0xc0000060        0x8 /opt/devkitpro/wut/lib/libwut.a(coreinit.o)
                0xc0000060                FSAAddClient
 .fimport_coreinit.FSAChangeDir
                0xc0000068        0x8 /opt/devkitpro/wut/lib/libwut.a(coreinit.o)
                0xc0000068                FSAChangeDir
 .fimport_coreinit.FSAChangeMode
                0xc0000070        0x8 /opt/devkitpro/wut/lib/libwut.a(coreinit.o)
                0xc0000070                FSAChangeMode
 .fimport_coreinit.FSACloseDir
                0xc0000078        0x8 /opt/devkitpro/wut/lib/libwut.a(coreinit.o)
                0xc0000078                FSACloseDir
 .fimport_coreinit.FSACloseFile
                0xc0000080        0x8 /opt/devkitpro/wut/lib/libwut.a(coreinit.o)
                0xc0000080                FSACloseFile
 .fimport_coreinit.FSADelClient
                0xc0000088        0x8 /opt/devkitpro/wut/lib/libwut.a(coreinit.o)
                0xc0000088                FSADelClient
 .fimport_coreinit.FSAFlushFile
                0xc0000090        0x8 /opt/devkitpro/wut/lib/libwut.a(coreinit.o)
                0xc0000090                FSAFlushFile
 .fimport_coreinit.FSAGetDeviceInfo
                0xc0000098        0x8 /opt/devkitpro/wut/lib/libwut.a(coreinit.o)
                0xc0000098                FSAGetDeviceInfo
 .fimport_coreinit.FSAGetFreeSpaceSize
                0xc00000a0        0x8 /opt/devkitpro/wut/lib/libwut.a(coreinit.o)
                0xc00000a0                FSAGetFreeSpaceSize
 .fimport_coreinit.FSAGetStat
                0xc00000a8        0x8 /opt/devkitpro/wut/lib/libwut.a(coreinit.o)
                0xc00000a8                FSAGetStat
 .fimport_coreinit.FSAGetStatFile
                0xc00000b0        0x8 /opt/devkitpro/wut/lib/libwut.a(coreinit.o)
                0xc00000b0                FSAGetStatFile
 .fimport_coreinit.FSAInit
                0xc00000b8        0x8 /opt/devkitpro/wut/lib/libwut.a(coreinit.o)
                0xc00000b8                FSAInit
 .fimport_coreinit.FSAMakeDir
                0xc00000c0        0x8 /opt/devkitpro/wut/lib/libwut.a(coreinit.o)
                0xc00000c0                FSAMakeDir
 .fimport_coreinit.FSAMount
                0xc00000c8        0x8 /opt/devkitpro/wut/lib/libwut.a(coreinit.o)
                0xc00000c8                FSAMount
 .fimport_coreinit.FSAOpenDir
                0xc00000d0        0x8 /opt/devkitpro/wut/lib/libwut.a(coreinit.o)
                0xc00000d0                FSAOpenDir
 .fimport_coreinit.FSAOpenFileEx
                0xc00000d8        0x8 /opt/devkitpro/wut/lib/libwut.a(coreinit.o)
                0xc00000d8                FSAOpenFileEx
 .fimport_coreinit.FSAReadDir
                0xc00000e0        0x8 /opt/devkitpro/wut/lib/libwut.a(coreinit.o)
                0xc00000e0                FSAReadDir
 .fimport_coreinit.FSAReadFile
                0xc00000e8        0x8 /opt/devkitpro/wut/lib/libwut.a(coreinit.o)
                0xc00000e8                FSAReadFile
 .fimport_coreinit.FSARemove
                0xc00000f0        0x8 /opt/devkitpro/wut/lib/libwut.a(coreinit.o)
                0xc00000f0                FSARemove
 .fimport_coreinit.FSARename
                0xc00000f8        0x8 /opt/devkitpro/wut/lib/libwut.a(coreinit.o)
                0xc00000f8                FSARename
 .fimport_coreinit.FSARewindDir
                0xc0000100        0x8 /opt/devkitpro/wut/lib/libwut.a(coreinit.o)
                0xc0000100                FSARewindDir
 .fimport_coreinit.FSASetPosFile
                0xc0000108        0x8 /opt/devkitpro/wut/lib/libwut.a(coreinit.o)
                0xc0000108                FSASetPosFile
 .fimport_coreinit.FSATruncateFile
                0xc0000110        0x8 /opt/devkitpro/wut/lib/libwut.a(coreinit.o)
                0xc0000110                FSATruncateFile
 .fimport_coreinit.FSAUnmount
                0xc0000118        0x8 /opt/devkitpro/wut/lib/libwut.a(coreinit.o)
                0xc0000118                FSAUnmount
 .fimport_coreinit.FSAWriteFile
                0xc0000120        0x8 /opt/devkitpro/wut/lib/libwut.a(coreinit.o)
                0xc0000120                FSAWriteFile
 .fimport_coreinit.MEMAllocFromExpHeapEx
                0xc0000128        0x8 /opt/devkitpro/wut/lib/libwut.a(coreinit.o)
                0xc0000128                MEMAllocFromExpHeapEx
 .fimport_coreinit.MEMAllocFromFrmHeapEx
                0xc0000130        0x8 /opt/devkitpro/wut/lib/libwut.a(coreinit.o)
                0xc0000130                MEMAllocFromFrmHeapEx
 .fimport_coreinit.MEMFreeByStateToFrmHeap
                0xc0000138        0x8 /opt/devkitpro/wut/lib/libwut.a(coreinit.o)
                0xc0000138                MEMFreeByStateToFrmHeap
 .fimport_coreinit.MEMFreeToExpHeap
                0xc0000140        0x8 /opt/devkitpro/wut/lib/libwut.a(coreinit.o)
                0xc0000140                MEMFreeToExpHeap
 .fimport_coreinit.MEMGetAllocatableSizeForExpHeapEx
                0xc0000148        0x8 /opt/devkitpro/wut/lib/libwut.a(coreinit.o)
                0xc0000148                MEMGetAllocatableSizeForExpHeapEx
 .fimport_coreinit.MEMGetBaseHeapHandle
                0xc0000150        0x8 /opt/devkitpro/wut/lib/libwut.a(coreinit.o)
                0xc0000150                MEMGetBaseHeapHandle
 .fimport_coreinit.MEMRecordStateForFrmHeap
                0xc0000158        0x8 /opt/devkitpro/wut/lib/libwut.a(coreinit.o)
                0xc0000158                MEMRecordStateForFrmHeap
 .fimport_coreinit.OSCompareAndSwapAtomicEx
                0xc0000160        0x8 /opt/devkitpro/wut/lib/libwut.a(coreinit.o)
                0xc0000160                OSCompareAndSwapAtomicEx
 .fimport_coreinit.OSEnableHomeButtonMenu
                0xc0000168        0x8 /opt/devkitpro/wut/lib/libwut.a(coreinit.o)
                0xc0000168                OSEnableHomeButtonMenu
 .fimport_coreinit.OSFatal
                0xc0000170        0x8 /opt/devkitpro/wut/lib/libwut.a(coreinit.o)
                0xc0000170                OSFatal
 .fimport_coreinit.OSGetCoreId
                0xc0000178        0x8 /opt/devkitpro/wut/lib/libwut.a(coreinit.o)
                0xc0000178                OSGetCoreId
 .fimport_coreinit.OSGetCurrentThread
                0xc0000180        0x8 /opt/devkitpro/wut/lib/libwut.a(coreinit.o)
                0xc0000180                OSGetCurrentThread
 .fimport_coreinit.OSGetSystemInfo
                0xc0000188        0x8 /opt/devkitpro/wut/lib/libwut.a(coreinit.o)
                0xc0000188                OSGetSystemInfo
 .fimport_coreinit.OSGetThreadSpecific
                0xc0000190        0x8 /opt/devkitpro/wut/lib/libwut.a(coreinit.o)
                0xc0000190                OSGetThreadSpecific
 .fimport_coreinit.OSGetTitleID
                0xc0000198        0x8 /opt/devkitpro/wut/lib/libwut.a(coreinit.o)
                0xc0000198                OSGetTitleID
 .fimport_coreinit.OSInitMutex
                0xc00001a0        0x8 /opt/devkitpro/wut/lib/libwut.a(coreinit.o)
                0xc00001a0                OSInitMutex
 .fimport_coreinit.OSInitMutexEx
                0xc00001a8        0x8 /opt/devkitpro/wut/lib/libwut.a(coreinit.o)
                0xc00001a8                OSInitMutexEx
 .fimport_coreinit.OSInitSpinLock
                0xc00001b0        0x8 /opt/devkitpro/wut/lib/libwut.a(coreinit.o)
                0xc00001b0                OSInitSpinLock
 .fimport_coreinit.OSIsDebuggerInitialized
                0xc00001b8        0x8 /opt/devkitpro/wut/lib/libwut.a(coreinit.o)
                0xc00001b8                OSIsDebuggerInitialized
 .fimport_coreinit.OSIsDebuggerPresent
                0xc00001c0        0x8 /opt/devkitpro/wut/lib/libwut.a(coreinit.o)
                0xc00001c0                OSIsDebuggerPresent
 .fimport_coreinit.OSLockMutex
                0xc00001c8        0x8 /opt/devkitpro/wut/lib/libwut.a(coreinit.o)
                0xc00001c8                OSLockMutex
 .fimport_coreinit.OSSavesDone_ReadyToRelease